Microchip MPLAB XC8 Compiler V2.00 ()

Linker command line:

-W-3 --edf=C:\Program Files (x86)\Microchip\xc8\v2.00\pic\dat\en_msgs.txt \
  -cs -h+dist/default/production\ResolviendoFronteras.X.production.sym \
  --cmf=dist/default/production\ResolviendoFronteras.X.production.cmf -z \
  -Q16F18877 -oC:\Users\Travelur\AppData\Local\Temp\sa3o.2 \
  --defsym=__MPLAB_BUILD=1 \
  -Mdist/default/production/ResolviendoFronteras.X.production.map -E1 \
  -ver=XC8 --acfsm=1493 -ASTACK=0207Ah-02fefh -pstack=STACK \
  -ACODE=00h-07FFhx16 -ASTRCODE=00h-07FFFh -ASTRING=00h-0FFhx128 \
  -ACONST=00h-0FFhx128 -AENTRY=00h-0FFhx128 -ACOMMON=070h-07Fh \
  -ABANK0=020h-06Fh -ABANK1=0A0h-0EFh -ABANK2=0120h-016Fh \
  -ABANK3=01A0h-01EFh -ABANK4=0220h-026Fh -ABANK5=02A0h-02EFh \
  -ABANK6=0320h-036Fh -ABANK7=03A0h-03EFh -ABANK8=0420h-046Fh \
  -ABANK9=04A0h-04EFh -ABANK10=0520h-056Fh -ABANK11=05A0h-05EFh \
  -ABANK12=0620h-066Fh -ABANK13=06A0h-06EFh -ABANK14=0720h-076Fh \
  -ABANK15=07A0h-07EFh -ABANK16=0820h-086Fh -ABANK17=08A0h-08EFh \
  -ABANK18=0920h-096Fh -ABANK19=09A0h-09EFh -ABANK20=0A20h-0A6Fh \
  -ABANK21=0AA0h-0AEFh -ABANK22=0B20h-0B6Fh -ABANK23=0BA0h-0BEFh \
  -ABANK24=0C20h-0C6Fh -ABANK25=0CA0h-0CEFh -ABANK26=0D20h-0D6Fh \
  -ABANK27=0DA0h-0DEFh -ABANK28=0E20h-0E6Fh -ABANK29=0EA0h-0EEFh \
  -ABANK30=0F20h-0F6Fh -ABANK31=0FA0h-0FEFh -ABANK32=01020h-0106Fh \
  -ABANK33=010A0h-010EFh -ABANK34=01120h-0116Fh -ABANK35=011A0h-011EFh \
  -ABANK36=01220h-0126Fh -ABANK37=012A0h-012EFh -ABANK38=01320h-0136Fh \
  -ABANK39=013A0h-013EFh -ABANK40=01420h-0146Fh -ABANK41=014A0h-014EFh \
  -ABANK42=01520h-0156Fh -ABANK43=015A0h-015EFh -ABANK44=01620h-0166Fh \
  -ABANK45=016A0h-016EFh -ABANK46=01720h-0176Fh -ABANK47=017A0h-017EFh \
  -ABANK48=01820h-0186Fh -ABANK49=018A0h-018EFh -ABANK50=01920h-0196Fh \
  -ABIGRAM=02000h-02FEFh \
  -ARAM=020h-06Fh,0A0h-0EFh,0120h-016Fh,01A0h-01EFh,0220h-026Fh,02A0h-02EFh,0320h-036Fh,03A0h-03EFh,0420h-046Fh,04A0h-04EFh,0520h-056Fh,05A0h-05EFh,0620h-066Fh,06A0h-06EFh,0720h-076Fh,07A0h-07EFh,0820h-086Fh,08A0h-08EFh,0920h-096Fh,09A0h-09EFh,0A20h-0A6Fh,0AA0h-0AEFh,0B20h-0B6Fh,0BA0h-0BEFh,0C20h-0C6Fh,0CA0h-0CEFh,0D20h-0D6Fh,0DA0h-0DEFh,0E20h-0E6Fh,0EA0h-0EEFh,0F20h-0F6Fh,0FA0h-0FEFh,01020h-0106Fh,010A0h-010EFh,01120h-0116Fh,011A0h-011EFh,01220h-0126Fh,012A0h-012EFh,01320h-0136Fh,013A0h-013EFh,01420h-0146Fh,014A0h-014EFh,01520h-0156Fh,015A0h-015EFh,01620h-0166Fh,016A0h-016EFh,01720h-0176Fh,017A0h-017EFh,01820h-0186Fh,018A0h-018EFh,01920h-0196Fh \
  -AABS1=020h-07Fh,0A0h-0EFh,0120h-016Fh,01A0h-01EFh,0220h-026Fh,02A0h-02EFh,0320h-036Fh,03A0h-03EFh,0420h-046Fh,04A0h-04EFh,0520h-056Fh,05A0h-05EFh,0620h-066Fh,06A0h-06EFh,0720h-076Fh,07A0h-07EFh,0820h-086Fh,08A0h-08EFh,0920h-096Fh,09A0h-09EFh,0A20h-0A6Fh,0AA0h-0AEFh,0B20h-0B6Fh,0BA0h-0BEFh,0C20h-0C6Fh,0CA0h-0CEFh,0D20h-0D6Fh,0DA0h-0DEFh,0E20h-0E6Fh,0EA0h-0EEFh,0F20h-0F6Fh,0FA0h-0FEFh,01020h-0106Fh,010A0h-010EFh,01120h-0116Fh,011A0h-011EFh,01220h-0126Fh,012A0h-012EFh,01320h-0136Fh,013A0h-013EFh,01420h-0146Fh,014A0h-014EFh,01520h-0156Fh,015A0h-015EFh,01620h-0166Fh,016A0h-016EFh,01720h-0176Fh,017A0h-017EFh,01820h-0186Fh,018A0h-018EFh,01920h-0196Fh \
  -ASFR0=00h-01Fh -ASFR1=080h-09Fh -ASFR2=0100h-011Fh -ASFR3=0180h-019Fh \
  -ASFR4=0200h-021Fh -ASFR5=0280h-029Fh -ASFR6=0300h-031Fh \
  -ASFR7=0380h-039Fh -ASFR8=0400h-041Fh -ASFR9=0480h-049Fh \
  -ASFR10=0500h-051Fh -ASFR11=0580h-059Fh -ASFR12=0600h-061Fh \
  -ASFR13=0680h-069Fh -ASFR14=0700h-071Fh -ASFR15=0780h-079Fh \
  -ASFR16=0800h-081Fh -ASFR17=0880h-089Fh -ASFR18=0900h-091Fh \
  -ASFR19=0980h-099Fh -ASFR20=0A00h-0A1Fh -ASFR21=0A80h-0A9Fh \
  -ASFR22=0B00h-0B1Fh -ASFR23=0B80h-0B9Fh -ASFR24=0C00h-0C1Fh \
  -ASFR25=0C80h-0C9Fh -ASFR26=0D00h-0D1Fh -ASFR27=0D80h-0D9Fh \
  -ASFR28=0E00h-0E1Fh -ASFR29=0E80h-0E9Fh -ASFR30=0F00h-0F1Fh \
  -ASFR31=0F80h-0F9Fh -ASFR32=01000h-0101Fh -ASFR33=01080h-0109Fh \
  -ASFR34=01100h-0111Fh -ASFR35=01180h-0119Fh -ASFR36=01200h-0121Fh \
  -ASFR37=01280h-0129Fh -ASFR38=01300h-0131Fh -ASFR39=01380h-0139Fh \
  -ASFR40=01400h-0141Fh -ASFR41=01480h-0149Fh -ASFR42=01500h-0151Fh \
  -ASFR43=01580h-0159Fh -ASFR44=01600h-0161Fh -ASFR45=01680h-0169Fh \
  -ASFR46=01700h-0171Fh -ASFR47=01780h-0179Fh -ASFR48=01800h-0181Fh \
  -ASFR49=01880h-0189Fh -ASFR50=01900h-0191Fh -ASFR51=01980h-019EFh \
  -ASFR52=01A00h-01A6Fh -ASFR53=01A80h-01AEFh -ASFR54=01B00h-01B6Fh \
  -ASFR55=01B80h-01BEFh -ASFR56=01C00h-01C6Fh -ASFR57=01C80h-01CEFh \
  -ASFR58=01D00h-01D6Fh -ASFR59=01D80h-01DEFh -ASFR60=01E00h-01E6Fh \
  -ASFR61=01E80h-01EEFh -ASFR62=01F00h-01F6Fh -ASFR63=01F80h-01FEFh \
  -preset_vec=00h,intentry=04h,init,end_init -ppowerup=CODE -pcinit=CODE \
  -pfunctab=ENTRY -ACONFIG=08007h-0800Bh -pconfig=CONFIG -DCONFIG=2 \
  -AIDLOC=08000h-08003h -pidloc=IDLOC -DIDLOC=2 -AEEDATA=00h-0FFh/0F000h \
  -peeprom_data=EEDATA -DEEDATA=2 -DCODE=2 -DSTRCODE=2 -DSTRING=2 -DCONST=2 \
  -DENTRY=2 -k C:\Users\Travelur\AppData\Local\Temp\sa3o.o \
  dist/default/production\ResolviendoFronteras.X.production.o 

Object code version is 3.11

Machine type is 16F18877



                Name                               Link     Load   Length Selector   Space Scale
C:\Users\Travelur\AppData\Local\Temp\sa3o.o
                end_init                              B        B        2        8       0
                reset_vec                             0        0        2        0       0
                config                             8007     8007        5    1000E       0
dist/default/production\ResolviendoFronteras.X.production.o
                cinit                                 D        D       1B        8       0
                intentry                              4        4        7        8       0
                maintext_split_10                    28       28      70B        8       0
                maintext_split_9                    8C1      8C1      239     1182       0
                maintext_split_8                   1BEA     1BEA      14B     37D4       0
                maintext_split_7                    D65      D65      29B     1ACA       0
                maintext_split_6                   1D35     1D35      153     3A6A       0
                maintext_split_5                   1E88     1E88      178     3D10       0
                maintext_split_4                   19B8     19B8      10B     3370       0
                maintext_split_3                   15D2     15D2      22E     2BA4       0
                maintext_split_2                   13C8     13C8      20A     2790       0
                maintext_split_1                   1054     1054      195     20A8       0
                text12                             1826     1826       5E     304C       0
                text11                             1804     1804       22     3008       0
                text10                             11E9     11E9      1DF     23D2       0
                text9                               801      801       26     1002       0
                text8                               AFA      AFA      26B     15F4       0
                text7                              276B     276B       95     4ED6       0
                text6                               733      733       B4        8       0
                text5                              1884     1884       9A     3108       0
                text4                              191E     191E       9A     323C       0
                text3                               827      827       9A     104E       0
                text2                              101D     101D       37     203A       0
                text1                              2735     2735       36     4E6A       0
                maintext                           1AC3     1AC3      127     3586       0
                cstackBANK0                          20       20       40       20       1
                cstackCOMMON                         70       70        E       70       1
                cstackBANK1                          A0       A0       22       A0       1
                dataBANK1                            C8       C8        2       A0       1
                bssBANK1                             C2       C2        6       A0       1
                bssBANK0                             60       60        6       20       1
                idataBANK1                          7E7      7E7        2        8       0

TOTAL           Name                               Link     Load   Length     Space
        CLASS   STACK          

        CLASS   CODE           
                end_init                              B        B        2         0
                cinit                                 D        D       1B         0
                intentry                              4        4        7         0
                reset_vec                             0        0        2         0
                maintext_split_10                    28       28      70B         0
                maintext_split_9                    8C1      8C1      239         0
                maintext_split_8                   1BEA     1BEA      14B         0
                maintext_split_7                    D65      D65      29B         0
                maintext_split_6                   1D35     1D35      153         0
                maintext_split_5                   1E88     1E88      178         0
                maintext_split_4                   19B8     19B8      10B         0
                maintext_split_3                   15D2     15D2      22E         0
                maintext_split_2                   13C8     13C8      20A         0
                maintext_split_1                   1054     1054      195         0
                text12                             1826     1826       5E         0
                text11                             1804     1804       22         0
                text10                             11E9     11E9      1DF         0
                text9                               801      801       26         0
                text8                               AFA      AFA      26B         0
                text7                              276B     276B       95         0
                text6                               733      733       B4         0
                text5                              1884     1884       9A         0
                text4                              191E     191E       9A         0
                text3                               827      827       9A         0
                text2                              101D     101D       37         0
                text1                              2735     2735       36         0
                maintext                           1AC3     1AC3      127         0
                idataBANK1                          7E7      7E7        2         0

        CLASS   STRCODE        

        CLASS   STRING         

        CLASS   CONST          

        CLASS   ENTRY          

        CLASS   COMMON         
                cstackCOMMON                         70       70        E         1

        CLASS   BANK0          
                cstackBANK0                          20       20       40         1
                bssBANK0                             60       60        6         1

        CLASS   BANK1          
                cstackBANK1                          A0       A0       22         1
                dataBANK1                            C8       C8        2         1
                bssBANK1                             C2       C2        6         1

        CLASS   BANK2          

        CLASS   BANK3          

        CLASS   BANK4          

        CLASS   BANK5          

        CLASS   BANK6          

        CLASS   BANK7          

        CLASS   BANK8          

        CLASS   BANK9          

        CLASS   BANK10         

        CLASS   BANK11         

        CLASS   BANK12         

        CLASS   BANK13         

        CLASS   BANK14         

        CLASS   BANK15         

        CLASS   BANK16         

        CLASS   BANK17         

        CLASS   BANK18         

        CLASS   BANK19         

        CLASS   BANK20         

        CLASS   BANK21         

        CLASS   BANK22         

        CLASS   BANK23         

        CLASS   BANK24         

        CLASS   BANK25         

        CLASS   BANK26         

        CLASS   BANK27         

        CLASS   BANK28         

        CLASS   BANK29         

        CLASS   BANK30         

        CLASS   BANK31         

        CLASS   BANK32         

        CLASS   BANK33         

        CLASS   BANK34         

        CLASS   BANK35         

        CLASS   BANK36         

        CLASS   BANK37         

        CLASS   BANK38         

        CLASS   BANK39         

        CLASS   BANK40         

        CLASS   BANK41         

        CLASS   BANK42         

        CLASS   BANK43         

        CLASS   BANK44         

        CLASS   BANK45         

        CLASS   BANK46         

        CLASS   BANK47         

        CLASS   BANK48         

        CLASS   BANK49         

        CLASS   BANK50         

        CLASS   BIGRAM         

        CLASS   RAM            

        CLASS   ABS1           
                abs_s1                               7E       7E        2         1

        CLASS   SFR0           

        CLASS   SFR1           

        CLASS   SFR2           

        CLASS   SFR3           

        CLASS   SFR4           

        CLASS   SFR5           

        CLASS   SFR6           

        CLASS   SFR7           

        CLASS   SFR8           

        CLASS   SFR9           

        CLASS   SFR10          

        CLASS   SFR11          

        CLASS   SFR12          

        CLASS   SFR13          

        CLASS   SFR14          

        CLASS   SFR15          

        CLASS   SFR16          

        CLASS   SFR17          

        CLASS   SFR18          

        CLASS   SFR19          

        CLASS   SFR20          

        CLASS   SFR21          

        CLASS   SFR22          

        CLASS   SFR23          

        CLASS   SFR24          

        CLASS   SFR25          

        CLASS   SFR26          

        CLASS   SFR27          

        CLASS   SFR28          

        CLASS   SFR29          

        CLASS   SFR30          

        CLASS   SFR31          

        CLASS   SFR32          

        CLASS   SFR33          

        CLASS   SFR34          

        CLASS   SFR35          

        CLASS   SFR36          

        CLASS   SFR37          

        CLASS   SFR38          

        CLASS   SFR39          

        CLASS   SFR40          

        CLASS   SFR41          

        CLASS   SFR42          

        CLASS   SFR43          

        CLASS   SFR44          

        CLASS   SFR45          

        CLASS   SFR46          

        CLASS   SFR47          

        CLASS   SFR48          

        CLASS   SFR49          

        CLASS   SFR50          

        CLASS   SFR51          

        CLASS   SFR52          

        CLASS   SFR53          

        CLASS   SFR54          

        CLASS   SFR55          

        CLASS   SFR56          

        CLASS   SFR57          

        CLASS   SFR58          

        CLASS   SFR59          

        CLASS   SFR60          

        CLASS   SFR61          

        CLASS   SFR62          

        CLASS   SFR63          

        CLASS   CONFIG         
                config                             8007     8007        5         0

        CLASS   IDLOC          

        CLASS   EEDATA         

        CLASS   BANK63         

        CLASS   BANK62         

        CLASS   BANK61         

        CLASS   BANK60         

        CLASS   BANK59         

        CLASS   BANK58         

        CLASS   BANK57         

        CLASS   BANK56         

        CLASS   BANK55         

        CLASS   BANK54         

        CLASS   BANK53         

        CLASS   BANK52         

        CLASS   BANK51         



SEGMENTS        Name                           Load    Length   Top    Selector   Space  Class     Delta

                reset_vec                      000000  000002  000002         0       0  CODE        2
                intentry                       000004  0007E5  0007E9         8       0  CODE        2
                cstackBANK0                    000020  000046  000066        20       1  BANK0       1
                cstackCOMMON                   000070  00000E  00007E        70       1  COMMON      1
                cstackBANK1                    0000A0  00002A  0000CA        A0       1  BANK1       1
                text9                          000801  000026  000827      1002       0  CODE        2
                text3                          000827  00009A  0008C1      104E       0  CODE        2
                maintext_split_9               0008C1  000239  000AFA      1182       0  CODE        2
                text8                          000AFA  00026B  000D65      15F4       0  CODE        2
                maintext_split_7               000D65  00029B  001000      1ACA       0  CODE        2
                text2                          00101D  000037  001054      203A       0  CODE        2
                maintext_split_1               001054  000195  0011E9      20A8       0  CODE        2
                text10                         0011E9  0001DF  0013C8      23D2       0  CODE        2
                maintext_split_2               0013C8  00020A  0015D2      2790       0  CODE        2
                maintext_split_3               0015D2  00022E  001800      2BA4       0  CODE        2
                text11                         001804  000022  001826      3008       0  CODE        2
                text12                         001826  00005E  001884      304C       0  CODE        2
                text5                          001884  00009A  00191E      3108       0  CODE        2
                text4                          00191E  00009A  0019B8      323C       0  CODE        2
                maintext_split_4               0019B8  00010B  001AC3      3370       0  CODE        2
                maintext                       001AC3  000127  001BEA      3586       0  CODE        2
                maintext_split_8               001BEA  00014B  001D35      37D4       0  CODE        2
                maintext_split_6               001D35  000153  001E88      3A6A       0  CODE        2
                maintext_split_5               001E88  000178  002000      3D10       0  CODE        2
                text1                          002735  000036  00276B      4E6A       0  CODE        2
                text7                          00276B  000095  002800      4ED6       0  CODE        2
                config                         008007  000005  00800C     1000E       0  CONFIG      2


UNUSED ADDRESS RANGES

        Name                Unused          Largest block    Delta
        BANK0            000066-00006F                A           1
        BANK1            0000CA-0000EF               26           1
        BANK10           000520-00056F               50           1
        BANK11           0005A0-0005EF               50           1
        BANK12           000620-00066F               50           1
        BANK13           0006A0-0006EF               50           1
        BANK14           000720-00076F               50           1
        BANK15           0007A0-0007EF               50           1
        BANK16           000820-00086F               50           1
        BANK17           0008A0-0008EF               50           1
        BANK18           000920-00096F               50           1
        BANK19           0009A0-0009EF               50           1
        BANK2            000120-00016F               50           1
        BANK20           000A20-000A6F               50           1
        BANK21           000AA0-000AEF               50           1
        BANK22           000B20-000B6F               50           1
        BANK23           000BA0-000BEF               50           1
        BANK24           000C20-000C6F               50           1
        BANK25           000CA0-000CEF               50           1
        BANK26           000D20-000D6F               50           1
        BANK27           000DA0-000DEF               50           1
        BANK28           000E20-000E6F               50           1
        BANK29           000EA0-000EEF               50           1
        BANK3            0001A0-0001EF               50           1
        BANK30           000F20-000F6F               50           1
        BANK31           000FA0-000FEF               50           1
        BANK32           001020-00106F               50           1
        BANK33           0010A0-0010EF               50           1
        BANK34           001120-00116F               50           1
        BANK35           0011A0-0011EF               50           1
        BANK36           001220-00126F               50           1
        BANK37           0012A0-0012EF               50           1
        BANK38           001320-00136F               50           1
        BANK39           0013A0-0013EF               50           1
        BANK4            000220-00026F               50           1
        BANK40           001420-00146F               50           1
        BANK41           0014A0-0014EF               50           1
        BANK42           001520-00156F               50           1
        BANK43           0015A0-0015EF               50           1
        BANK44           001620-00166F               50           1
        BANK45           0016A0-0016EF               50           1
        BANK46           001720-00176F               50           1
        BANK47           0017A0-0017EF               50           1
        BANK48           001820-00186F               50           1
        BANK49           0018A0-0018EF               50           1
        BANK5            0002A0-0002EF               50           1
        BANK50           001920-00196F               50           1
        BANK6            000320-00036F               50           1
        BANK7            0003A0-0003EF               50           1
        BANK8            000420-00046F               50           1
        BANK9            0004A0-0004EF               50           1
        BIGRAM           002000-002FEF              FF0           1
        CODE             000002-000003                2           2
                         0007E9-000800               17
                         001000-00101C               1D
                         001800-001803                4
                         002000-002734              735
                         002800-007FFF              800
        CONST            000002-000003                2           2
                         0007E9-000800               17
                         001000-00101C               1D
                         001800-001803                4
                         002000-002734              100
                         002800-007FFF              100
        EEDATA           00F000-00F0FF              100           2
        ENTRY            000002-000003                2           2
                         0007E9-000800               17
                         001000-00101C               1D
                         001800-001803                4
                         002000-002734              100
                         002800-007FFF              100
        IDLOC            008000-008003                4           2
        RAM              000066-00006F                A           1
                         0000CA-0000EF               26
                         000120-00016F               50
                         0001A0-0001EF               50
                         000220-00026F               50
                         0002A0-0002EF               50
                         000320-00036F               50
                         0003A0-0003EF               50
                         000420-00046F               50
                         0004A0-0004EF               50
                         000520-00056F               50
                         0005A0-0005EF               50
                         000620-00066F               50
                         0006A0-0006EF               50
                         000720-00076F               50
                         0007A0-0007EF               50
                         000820-00086F               50
                         0008A0-0008EF               50
                         000920-00096F               50
                         0009A0-0009EF               50
                         000A20-000A6F               50
                         000AA0-000AEF               50
                         000B20-000B6F               50
                         000BA0-000BEF               50
                         000C20-000C6F               50
                         000CA0-000CEF               50
                         000D20-000D6F               50
                         000DA0-000DEF               50
                         000E20-000E6F               50
                         000EA0-000EEF               50
                         000F20-000F6F               50
                         000FA0-000FEF               50
                         001020-00106F               50
                         0010A0-0010EF               50
                         001120-00116F               50
                         0011A0-0011EF               50
                         001220-00126F               50
                         0012A0-0012EF               50
                         001320-00136F               50
                         0013A0-0013EF               50
                         001420-00146F               50
                         0014A0-0014EF               50
                         001520-00156F               50
                         0015A0-0015EF               50
                         001620-00166F               50
                         0016A0-0016EF               50
                         001720-00176F               50
                         0017A0-0017EF               50
                         001820-00186F               50
                         0018A0-0018EF               50
                         001920-00196F               50
        SFR0             000000-00001F               20           1
        SFR1             000080-00009F               20           1
        SFR10            000500-00051F               20           1
        SFR11            000580-00059F               20           1
        SFR12            000600-00061F               20           1
        SFR13            000680-00069F               20           1
        SFR14            000700-00071F               20           1
        SFR15            000780-00079F               20           1
        SFR16            000800-00081F               20           1
        SFR17            000880-00089F               20           1
        SFR18            000900-00091F               20           1
        SFR19            000980-00099F               20           1
        SFR2             000100-00011F               20           1
        SFR20            000A00-000A1F               20           1
        SFR21            000A80-000A9F               20           1
        SFR22            000B00-000B1F               20           1
        SFR23            000B80-000B9F               20           1
        SFR24            000C00-000C1F               20           1
        SFR25            000C80-000C9F               20           1
        SFR26            000D00-000D1F               20           1
        SFR27            000D80-000D9F               20           1
        SFR28            000E00-000E1F               20           1
        SFR29            000E80-000E9F               20           1
        SFR3             000180-00019F               20           1
        SFR30            000F00-000F1F               20           1
        SFR31            000F80-000F9F               20           1
        SFR32            001000-00101F               20           1
        SFR33            001080-00109F               20           1
        SFR34            001100-00111F               20           1
        SFR35            001180-00119F               20           1
        SFR36            001200-00121F               20           1
        SFR37            001280-00129F               20           1
        SFR38            001300-00131F               20           1
        SFR39            001380-00139F               20           1
        SFR4             000200-00021F               20           1
        SFR40            001400-00141F               20           1
        SFR41            001480-00149F               20           1
        SFR42            001500-00151F               20           1
        SFR43            001580-00159F               20           1
        SFR44            001600-00161F               20           1
        SFR45            001680-00169F               20           1
        SFR46            001700-00171F               20           1
        SFR47            001780-00179F               20           1
        SFR48            001800-00181F               20           1
        SFR49            001880-00189F               20           1
        SFR5             000280-00029F               20           1
        SFR50            001900-00191F               20           1
        SFR51            001980-0019EF               70           1
        SFR52            001A00-001A6F               70           1
        SFR53            001A80-001AEF               70           1
        SFR54            001B00-001B6F               70           1
        SFR55            001B80-001BEF               70           1
        SFR56            001C00-001C6F               70           1
        SFR57            001C80-001CEF               70           1
        SFR58            001D00-001D6F               70           1
        SFR59            001D80-001DEF               70           1
        SFR6             000300-00031F               20           1
        SFR60            001E00-001E6F               70           1
        SFR61            001E80-001EEF               70           1
        SFR62            001F00-001F6F               70           1
        SFR63            001F80-001FEF               70           1
        SFR7             000380-00039F               20           1
        SFR8             000400-00041F               20           1
        SFR9             000480-00049F               20           1
        STACK            00207A-002FEF              F76           1
        STRCODE          000002-000003                2           2
                         0007E9-000800               18
                         001000-00101C               1D
                         001800-001803                4
                         002000-002734              735
                         002800-007FFF             5800
        STRING           000002-000003                2           2
                         0007E9-000800               17
                         001000-00101C               1D
                         001800-001803                4
                         002000-002734              100
                         002800-007FFF              100

                                  Symbol Table

?__Umul8_16              cstackCOMMON      000070
?___awmod                cstackBANK0       000024
?___fldiv                cstackBANK0       00003A
?___flmul                cstackBANK0       000020
?___fltol                cstackBANK0       00003A
?___lmul                 cstackCOMMON      000070
?___wmul                 cstackCOMMON      000070
?___xxtofl               cstackCOMMON      000070
?_distancia1             cstackBANK0       000054
?_distancia2             cstackBANK0       000054
?_distancia3             cstackBANK0       000054
?_rand                   cstackCOMMON      00007C
_ANSELA                  (abs)             001F38
_ANSELCbits              (abs)             001F4E
_CCP1CONbits             (abs)             00030E
_CCP2CONbits             (abs)             000312
_CCPR1                   (abs)             00030C
_CCPR2                   (abs)             000310
_CCPTMRS0bits            (abs)             00021E
_INTCONbits              (abs)             00000B
_INTERRUp                intentry          000004
_LATAbits                (abs)             000016
_LATCbits                (abs)             000018
_OSCFRQbits              (abs)             000893
_PIE4bits                (abs)             00071A
_PIR4bits                (abs)             000710
_PORTA                   (abs)             00000C
_PORTAbits               (abs)             00000C
_PORTC                   (abs)             00000E
_PR2                     (abs)             00028D
_RC0PPS                  (abs)             001F20
_RC1PPS                  (abs)             001F21
_T1CLKbits               (abs)             000211
_T1CONbits               (abs)             00020E
_T2CLKCONbits            (abs)             000290
_T2CONbits               (abs)             00028E
_TMR1                    (abs)             00020C
_TRISAbits               (abs)             000011
_TRISC                   (abs)             000013
__CFG_BOREN$ON           (abs)             000000
__CFG_BORV$LO            (abs)             000000
__CFG_CLKOUTEN$OFF       (abs)             000000
__CFG_CP$OFF             (abs)             000000
__CFG_CPD$OFF            (abs)             000000
__CFG_CSWEN$ON           (abs)             000000
__CFG_FCMEN$ON           (abs)             000000
__CFG_FEXTOSC$OFF        (abs)             000000
__CFG_LPBOREN$OFF        (abs)             000000
__CFG_LVP$ON             (abs)             000000
__CFG_MCLRE$ON           (abs)             000000
__CFG_PPS1WAY$ON         (abs)             000000
__CFG_PWRTE$ON           (abs)             000000
__CFG_RSTOSC$HFINT32     (abs)             000000
__CFG_SCANE$available    (abs)             000000
__CFG_STVREN$ON          (abs)             000000
__CFG_WDTCCS$SC          (abs)             000000
__CFG_WDTCPS$WDTCPS_31   (abs)             000000
__CFG_WDTCWS$WDTCWS_7    (abs)             000000
__CFG_WDTE$OFF           (abs)             000000
__CFG_WRT$OFF            (abs)             000000
__CFG_ZCD$OFF            (abs)             000000
__Habs1                  abs1              000000
__Hbank0                 bank0             000000
__Hbank1                 bank1             000000
__Hbank10                bank10            000000
__Hbank11                bank11            000000
__Hbank12                bank12            000000
__Hbank13                bank13            000000
__Hbank14                bank14            000000
__Hbank15                bank15            000000
__Hbank16                bank16            000000
__Hbank17                bank17            000000
__Hbank18                bank18            000000
__Hbank19                bank19            000000
__Hbank2                 bank2             000000
__Hbank20                bank20            000000
__Hbank21                bank21            000000
__Hbank22                bank22            000000
__Hbank23                bank23            000000
__Hbank24                bank24            000000
__Hbank25                bank25            000000
__Hbank26                bank26            000000
__Hbank27                bank27            000000
__Hbank28                bank28            000000
__Hbank29                bank29            000000
__Hbank3                 bank3             000000
__Hbank30                bank30            000000
__Hbank31                bank31            000000
__Hbank32                bank32            000000
__Hbank33                bank33            000000
__Hbank34                bank34            000000
__Hbank35                bank35            000000
__Hbank36                bank36            000000
__Hbank37                bank37            000000
__Hbank38                bank38            000000
__Hbank39                bank39            000000
__Hbank4                 bank4             000000
__Hbank40                bank40            000000
__Hbank41                bank41            000000
__Hbank42                bank42            000000
__Hbank43                bank43            000000
__Hbank44                bank44            000000
__Hbank45                bank45            000000
__Hbank46                bank46            000000
__Hbank47                bank47            000000
__Hbank48                bank48            000000
__Hbank49                bank49            000000
__Hbank5                 bank5             000000
__Hbank50                bank50            000000
__Hbank51                bank51            000000
__Hbank52                bank52            000000
__Hbank53                bank53            000000
__Hbank54                bank54            000000
__Hbank55                bank55            000000
__Hbank56                bank56            000000
__Hbank57                bank57            000000
__Hbank58                bank58            000000
__Hbank59                bank59            000000
__Hbank6                 bank6             000000
__Hbank60                bank60            000000
__Hbank61                bank61            000000
__Hbank62                bank62            000000
__Hbank63                bank63            000000
__Hbank7                 bank7             000000
__Hbank8                 bank8             000000
__Hbank9                 bank9             000000
__Hbigram                bigram            000000
__HbssBANK0              bssBANK0          000000
__HbssBANK1              bssBANK1          000000
__Hcinit                 cinit             000028
__Hclrtext               clrtext           000000
__Hcode                  code              000000
__Hcommon                common            000000
__Hconfig                config            00800C
__HcstackBANK0           cstackBANK0       000000
__HcstackBANK1           cstackBANK1       000000
__HcstackCOMMON          cstackCOMMON      000000
__HdataBANK1             dataBANK1         000000
__Heeprom_data           eeprom_data       000000
__Hend_init              end_init          00000D
__Hfunctab               functab           000000
__HidataBANK1            idataBANK1        000000
__Hidloc                 idloc             000000
__Hinit                  init              00000B
__Hintentry              intentry          00000B
__Hmaintext              maintext          000000
__Hmaintext_split_1      maintext_split_1  000000
__Hmaintext_split_10     maintext_split_10 000000
__Hmaintext_split_2      maintext_split_2  000000
__Hmaintext_split_3      maintext_split_3  000000
__Hmaintext_split_4      maintext_split_4  000000
__Hmaintext_split_5      maintext_split_5  000000
__Hmaintext_split_6      maintext_split_6  000000
__Hmaintext_split_7      maintext_split_7  000000
__Hmaintext_split_8      maintext_split_8  000000
__Hmaintext_split_9      maintext_split_9  000000
__Hpowerup               powerup           000000
__Hram                   ram               000000
__Hreset_vec             reset_vec         000002
__Hsfr0                  sfr0              000000
__Hsfr1                  sfr1              000000
__Hsfr10                 sfr10             000000
__Hsfr11                 sfr11             000000
__Hsfr12                 sfr12             000000
__Hsfr13                 sfr13             000000
__Hsfr14                 sfr14             000000
__Hsfr15                 sfr15             000000
__Hsfr16                 sfr16             000000
__Hsfr17                 sfr17             000000
__Hsfr18                 sfr18             000000
__Hsfr19                 sfr19             000000
__Hsfr2                  sfr2              000000
__Hsfr20                 sfr20             000000
__Hsfr21                 sfr21             000000
__Hsfr22                 sfr22             000000
__Hsfr23                 sfr23             000000
__Hsfr24                 sfr24             000000
__Hsfr25                 sfr25             000000
__Hsfr26                 sfr26             000000
__Hsfr27                 sfr27             000000
__Hsfr28                 sfr28             000000
__Hsfr29                 sfr29             000000
__Hsfr3                  sfr3              000000
__Hsfr30                 sfr30             000000
__Hsfr31                 sfr31             000000
__Hsfr32                 sfr32             000000
__Hsfr33                 sfr33             000000
__Hsfr34                 sfr34             000000
__Hsfr35                 sfr35             000000
__Hsfr36                 sfr36             000000
__Hsfr37                 sfr37             000000
__Hsfr38                 sfr38             000000
__Hsfr39                 sfr39             000000
__Hsfr4                  sfr4              000000
__Hsfr40                 sfr40             000000
__Hsfr41                 sfr41             000000
__Hsfr42                 sfr42             000000
__Hsfr43                 sfr43             000000
__Hsfr44                 sfr44             000000
__Hsfr45                 sfr45             000000
__Hsfr46                 sfr46             000000
__Hsfr47                 sfr47             000000
__Hsfr48                 sfr48             000000
__Hsfr49                 sfr49             000000
__Hsfr5                  sfr5              000000
__Hsfr50                 sfr50             000000
__Hsfr51                 sfr51             000000
__Hsfr52                 sfr52             000000
__Hsfr53                 sfr53             000000
__Hsfr54                 sfr54             000000
__Hsfr55                 sfr55             000000
__Hsfr56                 sfr56             000000
__Hsfr57                 sfr57             000000
__Hsfr58                 sfr58             000000
__Hsfr59                 sfr59             000000
__Hsfr6                  sfr6              000000
__Hsfr60                 sfr60             000000
__Hsfr61                 sfr61             000000
__Hsfr62                 sfr62             000000
__Hsfr63                 sfr63             000000
__Hsfr7                  sfr7              000000
__Hsfr8                  sfr8              000000
__Hsfr9                  sfr9              000000
__Hspace_0               (abs)             00800C
__Hspace_1               (abs)             0000CA
__Hspace_2               (abs)             000000
__Hspace_3               (abs)             000000
__Hstack                 stack             000000
__Hstrings               strings           000000
__Htext                  text              000000
__Labs1                  abs1              000000
__Lbank0                 bank0             000000
__Lbank1                 bank1             000000
__Lbank10                bank10            000000
__Lbank11                bank11            000000
__Lbank12                bank12            000000
__Lbank13                bank13            000000
__Lbank14                bank14            000000
__Lbank15                bank15            000000
__Lbank16                bank16            000000
__Lbank17                bank17            000000
__Lbank18                bank18            000000
__Lbank19                bank19            000000
__Lbank2                 bank2             000000
__Lbank20                bank20            000000
__Lbank21                bank21            000000
__Lbank22                bank22            000000
__Lbank23                bank23            000000
__Lbank24                bank24            000000
__Lbank25                bank25            000000
__Lbank26                bank26            000000
__Lbank27                bank27            000000
__Lbank28                bank28            000000
__Lbank29                bank29            000000
__Lbank3                 bank3             000000
__Lbank30                bank30            000000
__Lbank31                bank31            000000
__Lbank32                bank32            000000
__Lbank33                bank33            000000
__Lbank34                bank34            000000
__Lbank35                bank35            000000
__Lbank36                bank36            000000
__Lbank37                bank37            000000
__Lbank38                bank38            000000
__Lbank39                bank39            000000
__Lbank4                 bank4             000000
__Lbank40                bank40            000000
__Lbank41                bank41            000000
__Lbank42                bank42            000000
__Lbank43                bank43            000000
__Lbank44                bank44            000000
__Lbank45                bank45            000000
__Lbank46                bank46            000000
__Lbank47                bank47            000000
__Lbank48                bank48            000000
__Lbank49                bank49            000000
__Lbank5                 bank5             000000
__Lbank50                bank50            000000
__Lbank51                bank51            000000
__Lbank52                bank52            000000
__Lbank53                bank53            000000
__Lbank54                bank54            000000
__Lbank55                bank55            000000
__Lbank56                bank56            000000
__Lbank57                bank57            000000
__Lbank58                bank58            000000
__Lbank59                bank59            000000
__Lbank6                 bank6             000000
__Lbank60                bank60            000000
__Lbank61                bank61            000000
__Lbank62                bank62            000000
__Lbank63                bank63            000000
__Lbank7                 bank7             000000
__Lbank8                 bank8             000000
__Lbank9                 bank9             000000
__Lbigram                bigram            000000
__LbssBANK0              bssBANK0          000000
__LbssBANK1              bssBANK1          000000
__Lcinit                 cinit             00000D
__Lclrtext               clrtext           000000
__Lcode                  code              000000
__Lcommon                common            000000
__Lconfig                config            008007
__LcstackBANK0           cstackBANK0       000000
__LcstackBANK1           cstackBANK1       000000
__LcstackCOMMON          cstackCOMMON      000000
__LdataBANK1             dataBANK1         000000
__Leeprom_data           eeprom_data       000000
__Lend_init              end_init          00000B
__Lfunctab               functab           000000
__LidataBANK1            idataBANK1        000000
__Lidloc                 idloc             000000
__Linit                  init              00000B
__Lintentry              intentry          000004
__Lmaintext              maintext          000000
__Lmaintext_split_1      maintext_split_1  000000
__Lmaintext_split_10     maintext_split_10 000000
__Lmaintext_split_2      maintext_split_2  000000
__Lmaintext_split_3      maintext_split_3  000000
__Lmaintext_split_4      maintext_split_4  000000
__Lmaintext_split_5      maintext_split_5  000000
__Lmaintext_split_6      maintext_split_6  000000
__Lmaintext_split_7      maintext_split_7  000000
__Lmaintext_split_8      maintext_split_8  000000
__Lmaintext_split_9      maintext_split_9  000000
__Lpowerup               powerup           000000
__Lram                   ram               000000
__Lreset_vec             reset_vec         000000
__Lsfr0                  sfr0              000000
__Lsfr1                  sfr1              000000
__Lsfr10                 sfr10             000000
__Lsfr11                 sfr11             000000
__Lsfr12                 sfr12             000000
__Lsfr13                 sfr13             000000
__Lsfr14                 sfr14             000000
__Lsfr15                 sfr15             000000
__Lsfr16                 sfr16             000000
__Lsfr17                 sfr17             000000
__Lsfr18                 sfr18             000000
__Lsfr19                 sfr19             000000
__Lsfr2                  sfr2              000000
__Lsfr20                 sfr20             000000
__Lsfr21                 sfr21             000000
__Lsfr22                 sfr22             000000
__Lsfr23                 sfr23             000000
__Lsfr24                 sfr24             000000
__Lsfr25                 sfr25             000000
__Lsfr26                 sfr26             000000
__Lsfr27                 sfr27             000000
__Lsfr28                 sfr28             000000
__Lsfr29                 sfr29             000000
__Lsfr3                  sfr3              000000
__Lsfr30                 sfr30             000000
__Lsfr31                 sfr31             000000
__Lsfr32                 sfr32             000000
__Lsfr33                 sfr33             000000
__Lsfr34                 sfr34             000000
__Lsfr35                 sfr35             000000
__Lsfr36                 sfr36             000000
__Lsfr37                 sfr37             000000
__Lsfr38                 sfr38             000000
__Lsfr39                 sfr39             000000
__Lsfr4                  sfr4              000000
__Lsfr40                 sfr40             000000
__Lsfr41                 sfr41             000000
__Lsfr42                 sfr42             000000
__Lsfr43                 sfr43             000000
__Lsfr44                 sfr44             000000
__Lsfr45                 sfr45             000000
__Lsfr46                 sfr46             000000
__Lsfr47                 sfr47             000000
__Lsfr48                 sfr48             000000
__Lsfr49                 sfr49             000000
__Lsfr5                  sfr5              000000
__Lsfr50                 sfr50             000000
__Lsfr51                 sfr51             000000
__Lsfr52                 sfr52             000000
__Lsfr53                 sfr53             000000
__Lsfr54                 sfr54             000000
__Lsfr55                 sfr55             000000
__Lsfr56                 sfr56             000000
__Lsfr57                 sfr57             000000
__Lsfr58                 sfr58             000000
__Lsfr59                 sfr59             000000
__Lsfr6                  sfr6              000000
__Lsfr60                 sfr60             000000
__Lsfr61                 sfr61             000000
__Lsfr62                 sfr62             000000
__Lsfr63                 sfr63             000000
__Lsfr7                  sfr7              000000
__Lsfr8                  sfr8              000000
__Lsfr9                  sfr9              000000
__Lspace_0               (abs)             000000
__Lspace_1               (abs)             000000
__Lspace_2               (abs)             000000
__Lspace_3               (abs)             000000
__Lstack                 stack             000000
__Lstrings               strings           000000
__Ltext                  text              000000
__S0                     (abs)             00800C
__S1                     (abs)             0000CA
__S2                     (abs)             000000
__S3                     (abs)             000000
__Umul8_16               text9             000801
__Umul8_16@multiplicand  cstackCOMMON      000070
__Umul8_16@multiplier    cstackCOMMON      000078
__Umul8_16@product       cstackCOMMON      000074
__Umul8_16@word_mpld     cstackCOMMON      000076
___awmod                 text12            001826
___awmod@counter         cstackBANK0       000029
___awmod@dividend        cstackBANK0       000026
___awmod@divisor         cstackBANK0       000024
___awmod@sign            cstackBANK0       00002A
___fldiv                 text10            0011E9
___fldiv@a               cstackBANK0       00003A
___fldiv@aexp            cstackBANK0       000053
___fldiv@b               cstackBANK0       00003E
___fldiv@bexp            cstackBANK0       000052
___fldiv@grs             cstackBANK0       00004E
___fldiv@new_exp         cstackBANK0       00004C
___fldiv@rem             cstackBANK0       000047
___fldiv@sign            cstackBANK0       00004B
___flmul                 text8             000AFA
___flmul@a               cstackBANK0       000024
___flmul@aexp            cstackBANK0       000032
___flmul@b               cstackBANK0       000020
___flmul@bexp            cstackBANK0       000033
___flmul@grs             cstackBANK0       00002E
___flmul@prod            cstackBANK0       000034
___flmul@sign            cstackBANK0       00002D
___flmul@temp            cstackBANK0       000038
___fltol                 text7             00276B
___fltol@exp1            cstackBANK0       000044
___fltol@f1              cstackBANK0       00003A
___fltol@sign1           cstackBANK0       000043
___int_sp                stack             000000
___latbits               (abs)             000004
___lmul                  text2             00101D
___lmul@multiplicand     cstackCOMMON      000074
___lmul@multiplier       cstackCOMMON      000070
___lmul@product          cstackCOMMON      000078
___sp                    stack             000000
___wmul                  text11            001804
___wmul@multiplicand     cstackCOMMON      000072
___wmul@multiplier       cstackCOMMON      000070
___wmul@product          cstackCOMMON      000074
___xxtofl                text6             000733
___xxtofl@arg            cstackCOMMON      00007A
___xxtofl@exp            cstackCOMMON      000079
___xxtofl@sign           cstackCOMMON      000078
___xxtofl@val            cstackCOMMON      000070
__end_of_INTERRUp        intentry          00000B
__end_of__Umul8_16       text9             000827
__end_of___awmod         text12            001884
__end_of___fldiv         text10            0013C8
__end_of___flmul         text8             000D65
__end_of___fltol         text7             002800
__end_of___lmul          text2             001054
__end_of___wmul          text11            001826
__end_of___xxtofl        text6             0007E7
__end_of__initialization cinit             000024
__end_of_distancia1      text5             00191E
__end_of_distancia2      text4             0019B8
__end_of_distancia3      text3             0008C1
__end_of_main            maintext_split_10 000733
__end_of_rand            text1             00276B
__initialization         cinit             00000D
__pbssBANK0              bssBANK0          000060
__pbssBANK1              bssBANK1          0000C2
__pcstackBANK0           cstackBANK0       000020
__pcstackBANK1           cstackBANK1       0000A0
__pcstackCOMMON          cstackCOMMON      000070
__pdataBANK1             dataBANK1         0000C8
__pidataBANK1            idataBANK1        0007E7
__pintentry              intentry          000004
__pmaintext              maintext          001AC3
__ptext1                 text1             002735
__ptext10                text10            0011E9
__ptext11                text11            001804
__ptext12                text12            001826
__ptext2                 text2             00101D
__ptext3                 text3             000827
__ptext4                 text4             00191E
__ptext5                 text5             001884
__ptext6                 text6             000733
__ptext7                 text7             00276B
__ptext8                 text8             000AFA
__ptext9                 text9             000801
__size_of_INTERRUp       (abs)             000000
__size_of__Umul8_16      (abs)             000000
__size_of___awmod        (abs)             000000
__size_of___fldiv        (abs)             000000
__size_of___flmul        (abs)             000000
__size_of___fltol        (abs)             000000
__size_of___lmul         (abs)             000000
__size_of___wmul         (abs)             000000
__size_of___xxtofl       (abs)             000000
__size_of_distancia1     (abs)             000000
__size_of_distancia2     (abs)             000000
__size_of_distancia3     (abs)             000000
__size_of_main           (abs)             000000
__size_of_rand           (abs)             000000
_a                       bssBANK0          000064
_distancia1              text5             001884
_distancia2              text4             00191E
_distancia3              text3             000827
_main                    maintext          001AC3
_rand                    text1             002735
_ref1                    bssBANK1          0000C6
_ref2                    bssBANK1          0000C4
_ref3                    bssBANK1          0000C2
_seed                    bssBANK0          000060
_velocidad               dataBANK1         0000C8
btemp                    (abs)             00007E
distancia1@distancia1    cstackBANK0       00005A
distancia1@t             cstackBANK0       000056
distancia2@distancia2    cstackBANK0       00005A
distancia2@t             cstackBANK0       000056
distancia3@distancia3    cstackBANK0       00005A
distancia3@t             cstackBANK0       000056
end_of_initialization    cinit             000024
int$flags                (abs)             00007E
intlevel0                functab           000000
intlevel1                functab           000000
intlevel2                functab           000000
intlevel3                functab           000000
intlevel4                functab           000000
intlevel5                functab           000000
main@D1                  cstackBANK1       0000BE
main@D2                  cstackBANK1       0000BC
main@D3                  cstackBANK1       0000C0
main@azar                cstackBANK1       0000BA
main@contador            cstackBANK1       0000B2
main@contadorLogicas     cstackBANK1       0000B4
main@cortador            cstackBANK1       0000B8
main@cortadorPrivilegio  cstackBANK1       0000AE
main@d                   cstackBANK1       0000A0
main@d1                  cstackBANK1       0000AA
main@error               cstackBANK1       0000B6
main@i                   cstackBANK1       0000A2
main@i1                  cstackBANK1       0000AC
main@logicaAlAzar        cstackBANK1       0000A8
main@logicaLeft          cstackBANK1       0000A6
main@logicaRight         cstackBANK1       0000A4
main@privilegio          cstackBANK1       0000B0
pnum$maintext            (abs)             00000A
pnum$maintext_split_1    (abs)             000018
pnum$maintext_split_10   (abs)             000021
pnum$maintext_split_2    (abs)             000019
pnum$maintext_split_3    (abs)             00001A
pnum$maintext_split_4    (abs)             00001B
pnum$maintext_split_5    (abs)             00001C
pnum$maintext_split_6    (abs)             00001D
pnum$maintext_split_7    (abs)             00001E
pnum$maintext_split_8    (abs)             00001F
pnum$maintext_split_9    (abs)             000020
psplit$0                 (abs)             0A0018
psplit$1                 (abs)             180019
psplit$2                 (abs)             19001A
psplit$3                 (abs)             1A001B
psplit$4                 (abs)             1B001C
psplit$5                 (abs)             1C001D
psplit$6                 (abs)             1D001E
psplit$7                 (abs)             1E001F
psplit$8                 (abs)             1F0020
psplit$9                 (abs)             200021
reset_vec                reset_vec         000000
stackhi                  (abs)             002FEF
stacklo                  (abs)             00207A
start                    init              00000B
start_initialization     cinit             00000D
wtemp0                   (abs)             00007E


FUNCTION INFORMATION:

 *************** function _main *****************
 Defined at:
		line 25 in file "Resuelve.c"
 Parameters:    Size  Location     Type
		None
 Auto vars:     Size  Location     Type
  D3              2   32[BANK1 ] int 
  D1              2   30[BANK1 ] int 
  D2              2   28[BANK1 ] int 
  azar            2   26[BANK1 ] int 
  cortador        2   24[BANK1 ] int 
  error           2   22[BANK1 ] int 
  contadorLogi    2   20[BANK1 ] int 
  contador        2   18[BANK1 ] int 
  privilegio      2   16[BANK1 ] int 
  cortadorPriv    2   14[BANK1 ] int 
  i1              2   12[BANK1 ] int 
  d1              2   10[BANK1 ] int 
  logicaAlAzar    2    8[BANK1 ] int 
  logicaLeft      2    6[BANK1 ] int 
  logicaRight     2    4[BANK1 ] int 
  i               2    2[BANK1 ] int 
  d               2    0[BANK1 ] int 
 Return value:  Size  Location     Type
                  1    wreg      void 
 Registers used:
		wreg, status,2, status,0, pclath, cstack
 Tracked objects:
		On entry : 
		On exit  : 
		Unchanged: 
 Data sizes:     COMMON   BANK0   BANK1   BANK2   BANK3   BANK4   BANK5   BANK6   BANK7   BANK8   BANK9  BANK10  BANK11  BANK12  BANK13  BANK14  BANK15  BANK16  BANK17  BANK18  BANK19  BANK20  BANK21  BANK22  BANK23  BANK24  BANK25  BANK26  BANK27  BANK28  BANK29  BANK30  BANK31  BANK32  BANK33  BANK34  BANK35  BANK36  BANK37  BANK38  BANK39  BANK40  BANK41  BANK42  BANK43  BANK44  BANK45  BANK46  BANK47  BANK48  BANK49  BANK50
      Params:         0       0       0       0       0       0       0       0       0       0       0       0       0       0       0       0       0       0       0       0       0       0       0       0       0       0       0       0       0       0       0       0       0       0       0       0       0       0       0       0       0       0       0       0       0       0       0       0       0       0       0       0
      Locals:         0       0      34       0       0       0       0       0       0       0       0       0       0       0       0       0       0       0       0       0       0       0       0       0       0       0       0       0       0       0       0       0       0       0       0       0       0       0       0       0       0       0       0       0       0       0       0       0       0       0       0       0
      Temps:          0       4       0       0       0       0       0       0       0       0       0       0       0       0       0       0       0       0       0       0       0       0       0       0       0       0       0       0       0       0       0       0       0       0       0       0       0       0       0       0       0       0       0       0       0       0       0       0       0       0       0       0
      Totals:         0       4      34       0       0       0       0       0       0       0       0       0       0       0       0       0       0       0       0       0       0       0       0       0       0       0       0       0       0       0       0       0       0       0       0       0       0       0       0       0       0       0       0       0       0       0       0       0       0       0       0       0
Total ram usage:       38 bytes
 Hardware stack levels required when called:    4
 This function calls:
		___awmod
		___wmul
		_distancia1
		_distancia2
		_distancia3
		_rand
 This function is called by:
		Startup code after reset
 This function uses a non-reentrant model


 *************** function _rand *****************
 Defined at:
		line 15 in file "C:\Program Files (x86)\Microchip\xc8\v2.00\pic\sources\c99\common\rand.c"
 Parameters:    Size  Location     Type
		None
 Auto vars:     Size  Location     Type
		None
 Return value:  Size  Location     Type
                  2   12[COMMON] int 
 Registers used:
		wreg, status,2, status,0, pclath, cstack
 Tracked objects:
		On entry : 
		On exit  : 
		Unchanged: 
 Data sizes:     COMMON   BANK0   BANK1   BANK2   BANK3   BANK4   BANK5   BANK6   BANK7   BANK8   BANK9  BANK10  BANK11  BANK12  BANK13  BANK14  BANK15  BANK16  BANK17  BANK18  BANK19  BANK20  BANK21  BANK22  BANK23  BANK24  BANK25  BANK26  BANK27  BANK28  BANK29  BANK30  BANK31  BANK32  BANK33  BANK34  BANK35  BANK36  BANK37  BANK38  BANK39  BANK40  BANK41  BANK42  BANK43  BANK44  BANK45  BANK46  BANK47  BANK48  BANK49  BANK50
      Params:         2       0       0       0       0       0       0       0       0       0       0       0       0       0       0       0       0       0       0       0       0       0       0       0       0       0       0       0       0       0       0       0       0       0       0       0       0       0       0       0       0       0       0       0       0       0       0       0       0       0       0       0
      Locals:         0       0       0       0       0       0       0       0       0       0       0       0       0       0       0       0       0       0       0       0       0       0       0       0       0       0       0       0       0       0       0       0       0       0       0       0       0       0       0       0       0       0       0       0       0       0       0       0       0       0       0       0
      Temps:          0       4       0       0       0       0       0       0       0       0       0       0       0       0       0       0       0       0       0       0       0       0       0       0       0       0       0       0       0       0       0       0       0       0       0       0       0       0       0       0       0       0       0       0       0       0       0       0       0       0       0       0
      Totals:         2       4       0       0       0       0       0       0       0       0       0       0       0       0       0       0       0       0       0       0       0       0       0       0       0       0       0       0       0       0       0       0       0       0       0       0       0       0       0       0       0       0       0       0       0       0       0       0       0       0       0       0
Total ram usage:        6 bytes
 Hardware stack levels used:    1
 Hardware stack levels required when called:    2
 This function calls:
		___lmul
 This function is called by:
		_main
 This function uses a non-reentrant model


 *************** function ___lmul *****************
 Defined at:
		line 15 in file "C:\Program Files (x86)\Microchip\xc8\v2.00\pic\sources\c99\common\Umul32.c"
 Parameters:    Size  Location     Type
  multiplier      4    0[COMMON] unsigned long 
  multiplicand    4    4[COMMON] unsigned long 
 Auto vars:     Size  Location     Type
  product         4    8[COMMON] unsigned long 
 Return value:  Size  Location     Type
                  4    0[COMMON] unsigned long 
 Registers used:
		wreg, status,2, status,0
 Tracked objects:
		On entry : 
		On exit  : 
		Unchanged: 
 Data sizes:     COMMON   BANK0   BANK1   BANK2   BANK3   BANK4   BANK5   BANK6   BANK7   BANK8   BANK9  BANK10  BANK11  BANK12  BANK13  BANK14  BANK15  BANK16  BANK17  BANK18  BANK19  BANK20  BANK21  BANK22  BANK23  BANK24  BANK25  BANK26  BANK27  BANK28  BANK29  BANK30  BANK31  BANK32  BANK33  BANK34  BANK35  BANK36  BANK37  BANK38  BANK39  BANK40  BANK41  BANK42  BANK43  BANK44  BANK45  BANK46  BANK47  BANK48  BANK49  BANK50
      Params:         8       0       0       0       0       0       0       0       0       0       0       0       0       0       0       0       0       0       0       0       0       0       0       0       0       0       0       0       0       0       0       0       0       0       0       0       0       0       0       0       0       0       0       0       0       0       0       0       0       0       0       0
      Locals:         4       0       0       0       0       0       0       0       0       0       0       0       0       0       0       0       0       0       0       0       0       0       0       0       0       0       0       0       0       0       0       0       0       0       0       0       0       0       0       0       0       0       0       0       0       0       0       0       0       0       0       0
      Temps:          0       0       0       0       0       0       0       0       0       0       0       0       0       0       0       0       0       0       0       0       0       0       0       0       0       0       0       0       0       0       0       0       0       0       0       0       0       0       0       0       0       0       0       0       0       0       0       0       0       0       0       0
      Totals:        12       0       0       0       0       0       0       0       0       0       0       0       0       0       0       0       0       0       0       0       0       0       0       0       0       0       0       0       0       0       0       0       0       0       0       0       0       0       0       0       0       0       0       0       0       0       0       0       0       0       0       0
Total ram usage:       12 bytes
 Hardware stack levels used:    1
 Hardware stack levels required when called:    1
 This function calls:
		Nothing
 This function is called by:
		_rand
 This function uses a non-reentrant model


 *************** function _distancia3 *****************
 Defined at:
		line 1002 in file "Resuelve.c"
 Parameters:    Size  Location     Type
		None
 Auto vars:     Size  Location     Type
  t               4   54[BANK0 ] float 
  distancia3      2   58[BANK0 ] int 
 Return value:  Size  Location     Type
                  2   52[BANK0 ] int 
 Registers used:
		wreg, status,2, status,0, pclath, cstack
 Tracked objects:
		On entry : 
		On exit  : 
		Unchanged: 
 Data sizes:     COMMON   BANK0   BANK1   BANK2   BANK3   BANK4   BANK5   BANK6   BANK7   BANK8   BANK9  BANK10  BANK11  BANK12  BANK13  BANK14  BANK15  BANK16  BANK17  BANK18  BANK19  BANK20  BANK21  BANK22  BANK23  BANK24  BANK25  BANK26  BANK27  BANK28  BANK29  BANK30  BANK31  BANK32  BANK33  BANK34  BANK35  BANK36  BANK37  BANK38  BANK39  BANK40  BANK41  BANK42  BANK43  BANK44  BANK45  BANK46  BANK47  BANK48  BANK49  BANK50
      Params:         0       2       0       0       0       0       0       0       0       0       0       0       0       0       0       0       0       0       0       0       0       0       0       0       0       0       0       0       0       0       0       0       0       0       0       0       0       0       0       0       0       0       0       0       0       0       0       0       0       0       0       0
      Locals:         0       6       0       0       0       0       0       0       0       0       0       0       0       0       0       0       0       0       0       0       0       0       0       0       0       0       0       0       0       0       0       0       0       0       0       0       0       0       0       0       0       0       0       0       0       0       0       0       0       0       0       0
      Temps:          0       0       0       0       0       0       0       0       0       0       0       0       0       0       0       0       0       0       0       0       0       0       0       0       0       0       0       0       0       0       0       0       0       0       0       0       0       0       0       0       0       0       0       0       0       0       0       0       0       0       0       0
      Totals:         0       8       0       0       0       0       0       0       0       0       0       0       0       0       0       0       0       0       0       0       0       0       0       0       0       0       0       0       0       0       0       0       0       0       0       0       0       0       0       0       0       0       0       0       0       0       0       0       0       0       0       0
Total ram usage:        8 bytes
 Hardware stack levels used:    1
 Hardware stack levels required when called:    3
 This function calls:
		___fldiv
		___flmul
		___fltol
		___xxtofl
 This function is called by:
		_main
 This function uses a non-reentrant model


 *************** function _distancia2 *****************
 Defined at:
		line 982 in file "Resuelve.c"
 Parameters:    Size  Location     Type
		None
 Auto vars:     Size  Location     Type
  t               4   54[BANK0 ] float 
  distancia2      2   58[BANK0 ] int 
 Return value:  Size  Location     Type
                  2   52[BANK0 ] int 
 Registers used:
		wreg, status,2, status,0, pclath, cstack
 Tracked objects:
		On entry : 
		On exit  : 
		Unchanged: 
 Data sizes:     COMMON   BANK0   BANK1   BANK2   BANK3   BANK4   BANK5   BANK6   BANK7   BANK8   BANK9  BANK10  BANK11  BANK12  BANK13  BANK14  BANK15  BANK16  BANK17  BANK18  BANK19  BANK20  BANK21  BANK22  BANK23  BANK24  BANK25  BANK26  BANK27  BANK28  BANK29  BANK30  BANK31  BANK32  BANK33  BANK34  BANK35  BANK36  BANK37  BANK38  BANK39  BANK40  BANK41  BANK42  BANK43  BANK44  BANK45  BANK46  BANK47  BANK48  BANK49  BANK50
      Params:         0       2       0       0       0       0       0       0       0       0       0       0       0       0       0       0       0       0       0       0       0       0       0       0       0       0       0       0       0       0       0       0       0       0       0       0       0       0       0       0       0       0       0       0       0       0       0       0       0       0       0       0
      Locals:         0       6       0       0       0       0       0       0       0       0       0       0       0       0       0       0       0       0       0       0       0       0       0       0       0       0       0       0       0       0       0       0       0       0       0       0       0       0       0       0       0       0       0       0       0       0       0       0       0       0       0       0
      Temps:          0       0       0       0       0       0       0       0       0       0       0       0       0       0       0       0       0       0       0       0       0       0       0       0       0       0       0       0       0       0       0       0       0       0       0       0       0       0       0       0       0       0       0       0       0       0       0       0       0       0       0       0
      Totals:         0       8       0       0       0       0       0       0       0       0       0       0       0       0       0       0       0       0       0       0       0       0       0       0       0       0       0       0       0       0       0       0       0       0       0       0       0       0       0       0       0       0       0       0       0       0       0       0       0       0       0       0
Total ram usage:        8 bytes
 Hardware stack levels used:    1
 Hardware stack levels required when called:    3
 This function calls:
		___fldiv
		___flmul
		___fltol
		___xxtofl
 This function is called by:
		_main
 This function uses a non-reentrant model


 *************** function _distancia1 *****************
 Defined at:
		line 963 in file "Resuelve.c"
 Parameters:    Size  Location     Type
		None
 Auto vars:     Size  Location     Type
  t               4   54[BANK0 ] float 
  distancia1      2   58[BANK0 ] int 
 Return value:  Size  Location     Type
                  2   52[BANK0 ] int 
 Registers used:
		wreg, status,2, status,0, pclath, cstack
 Tracked objects:
		On entry : 
		On exit  : 
		Unchanged: 
 Data sizes:     COMMON   BANK0   BANK1   BANK2   BANK3   BANK4   BANK5   BANK6   BANK7   BANK8   BANK9  BANK10  BANK11  BANK12  BANK13  BANK14  BANK15  BANK16  BANK17  BANK18  BANK19  BANK20  BANK21  BANK22  BANK23  BANK24  BANK25  BANK26  BANK27  BANK28  BANK29  BANK30  BANK31  BANK32  BANK33  BANK34  BANK35  BANK36  BANK37  BANK38  BANK39  BANK40  BANK41  BANK42  BANK43  BANK44  BANK45  BANK46  BANK47  BANK48  BANK49  BANK50
      Params:         0       2       0       0       0       0       0       0       0       0       0       0       0       0       0       0       0       0       0       0       0       0       0       0       0       0       0       0       0       0       0       0       0       0       0       0       0       0       0       0       0       0       0       0       0       0       0       0       0       0       0       0
      Locals:         0       6       0       0       0       0       0       0       0       0       0       0       0       0       0       0       0       0       0       0       0       0       0       0       0       0       0       0       0       0       0       0       0       0       0       0       0       0       0       0       0       0       0       0       0       0       0       0       0       0       0       0
      Temps:          0       0       0       0       0       0       0       0       0       0       0       0       0       0       0       0       0       0       0       0       0       0       0       0       0       0       0       0       0       0       0       0       0       0       0       0       0       0       0       0       0       0       0       0       0       0       0       0       0       0       0       0
      Totals:         0       8       0       0       0       0       0       0       0       0       0       0       0       0       0       0       0       0       0       0       0       0       0       0       0       0       0       0       0       0       0       0       0       0       0       0       0       0       0       0       0       0       0       0       0       0       0       0       0       0       0       0
Total ram usage:        8 bytes
 Hardware stack levels used:    1
 Hardware stack levels required when called:    3
 This function calls:
		___fldiv
		___flmul
		___fltol
		___xxtofl
 This function is called by:
		_main
 This function uses a non-reentrant model


 *************** function ___xxtofl *****************
 Defined at:
		line 10 in file "C:\Program Files (x86)\Microchip\xc8\v2.00\pic\sources\c99\common\xxtofl.c"
 Parameters:    Size  Location     Type
  sign            1    wreg     unsigned char 
  val             4    0[COMMON] long 
 Auto vars:     Size  Location     Type
  sign            1    8[COMMON] unsigned char 
  arg             4   10[COMMON] unsigned long 
  exp             1    9[COMMON] unsigned char 
 Return value:  Size  Location     Type
                  4    0[COMMON] unsigned char 
 Registers used:
		wreg, status,2, status,0
 Tracked objects:
		On entry : 
		On exit  : 
		Unchanged: 
 Data sizes:     COMMON   BANK0   BANK1   BANK2   BANK3   BANK4   BANK5   BANK6   BANK7   BANK8   BANK9  BANK10  BANK11  BANK12  BANK13  BANK14  BANK15  BANK16  BANK17  BANK18  BANK19  BANK20  BANK21  BANK22  BANK23  BANK24  BANK25  BANK26  BANK27  BANK28  BANK29  BANK30  BANK31  BANK32  BANK33  BANK34  BANK35  BANK36  BANK37  BANK38  BANK39  BANK40  BANK41  BANK42  BANK43  BANK44  BANK45  BANK46  BANK47  BANK48  BANK49  BANK50
      Params:         4       0       0       0       0       0       0       0       0       0       0       0       0       0       0       0       0       0       0       0       0       0       0       0       0       0       0       0       0       0       0       0       0       0       0       0       0       0       0       0       0       0       0       0       0       0       0       0       0       0       0       0
[...]
 Return value:  Size  Location     Type
                  4    0[BANK0 ] unsigned char 
 Registers used:
		wreg, status,2, status,0, pclath, cstack
 Tracked objects:
		On entry : 
		On exit  : 
		Unchanged: 
 Data sizes:     COMMON   BANK0   BANK1   BANK2   BANK3   BANK4   BANK5   BANK6   BANK7   BANK8   BANK9  BANK10  BANK11  BANK12  BANK13  BANK14  BANK15  BANK16  BANK17  BANK18  BANK19  BANK20  BANK21  BANK22  BANK23  BANK24  BANK25  BANK26  BANK27  BANK28  BANK29  BANK30  BANK31  BANK32  BANK33  BANK34  BANK35  BANK36  BANK37  BANK38  BANK39  BANK40  BANK41  BANK42  BANK43  BANK44  BANK45  BANK46  BANK47  BANK48  BANK49  BANK50
      Params:         0       8       0       0       0       0       0       0       0       0       0       0       0       0       0       0       0       0       0       0       0       0       0       0       0       0       0       0       0       0       0       0       0       0       0       0       0       0       0       0       0       0       0       0       0       0       0       0       0       0       0       0
      Locals:         0      13       0       0       0       0       0       0       0       0       0       0       0       0       0       0       0       0       0       0       0       0       0       0       0       0       0       0       0       0       0       0       0       0       0       0       0       0       0       0       0       0       0       0       0       0       0       0       0       0       0       0
      Temps:          0       5       0       0       0       0       0       0       0       0       0       0       0       0       0       0       0       0       0       0       0       0       0       0       0       0       0       0       0       0       0       0       0       0       0       0       0       0       0       0       0       0       0       0       0       0       0       0       0       0       0       0
      Totals:         0      26       0       0       0       0       0       0       0       0       0       0       0       0       0       0       0       0       0       0       0       0       0       0       0       0       0       0       0       0       0       0       0       0       0       0       0       0       0       0       0       0       0       0       0       0       0       0       0       0       0       0
Total ram usage:       26 bytes
 Hardware stack levels used:    1
 Hardware stack levels required when called:    2
 This function calls:
		__Umul8_16
 This function is called by:
		_distancia1
		_distancia2
		_distancia3
 This function uses a non-reentrant model


 *************** function __Umul8_16 *****************
 Defined at:
		line 4 in file "C:\Program Files (x86)\Microchip\xc8\v2.00\pic\sources\c99\common\Umul8_16.c"
 Parameters:    Size  Location     Type
  multiplier      1    wreg     unsigned char 
  multiplicand    1    0[COMMON] unsigned char 
 Auto vars:     Size  Location     Type
  multiplier      1    8[COMMON] unsigned char 
  word_mpld       2    6[COMMON] unsigned int 
  product         2    4[COMMON] unsigned int 
 Return value:  Size  Location     Type
                  2    0[COMMON] unsigned int 
 Registers used:
		wreg, status,2, status,0
 Tracked objects:
		On entry : 
		On exit  : 
		Unchanged: 
 Data sizes:     COMMON   BANK0   BANK1   BANK2   BANK3   BANK4   BANK5   BANK6   BANK7   BANK8   BANK9  BANK10  BANK11  BANK12  BANK13  BANK14  BANK15  BANK16  BANK17  BANK18  BANK19  BANK20  BANK21  BANK22  BANK23  BANK24  BANK25  BANK26  BANK27  BANK28  BANK29  BANK30  BANK31  BANK32  BANK33  BANK34  BANK35  BANK36  BANK37  BANK38  BANK39  BANK40  BANK41  BANK42  BANK43  BANK44  BANK45  BANK46  BANK47  BANK48  BANK49  BANK50
      Params:         2       0       0       0       0       0       0       0       0       0       0       0       0       0       0       0       0       0       0       0       0       0       0       0       0       0       0       0       0       0       0       0       0       0       0       0       0       0       0       0       0       0       0       0       0       0       0       0       0       0       0       0
      Locals:         5       0       0       0       0       0       0       0       0       0       0       0       0       0       0       0       0       0       0       0       0       0       0       0       0       0       0       0       0       0       0       0       0       0       0       0       0       0       0       0       0       0       0       0       0       0       0       0       0       0       0       0
      Temps:          2       0       0       0       0       0       0       0       0       0       0       0       0       0       0       0       0       0       0       0       0       0       0       0       0       0       0       0       0       0       0       0       0       0       0       0       0       0       0       0       0       0       0       0       0       0       0       0       0       0       0       0
      Totals:         9       0       0       0       0       0       0       0       0       0       0       0       0       0       0       0       0       0       0       0       0       0       0       0       0       0       0       0       0       0       0       0       0       0       0       0       0       0       0       0       0       0       0       0       0       0       0       0       0       0       0       0
Total ram usage:        9 bytes
 Hardware stack levels used:    1
 Hardware stack levels required when called:    1
 This function calls:
		Nothing
 This function is called by:
		___flmul
 This function uses a non-reentrant model


 *************** function ___fldiv *****************
 Defined at:
		line 8 in file "C:\Program Files (x86)\Microchip\xc8\v2.00\pic\sources\c99\common\sprcdiv.c"
 Parameters:    Size  Location     Type
  a               4   26[BANK0 ] unsigned int 
  b               4   30[BANK0 ] unsigned int 
 Auto vars:     Size  Location     Type
  grs             4   46[BANK0 ] unsigned long 
  rem             4   39[BANK0 ] unsigned long 
  new_exp         2   44[BANK0 ] int 
  aexp            1   51[BANK0 ] unsigned char 
  bexp            1   50[BANK0 ] unsigned char 
  sign            1   43[BANK0 ] unsigned char 
 Return value:  Size  Location     Type
                  4   26[BANK0 ] unsigned char 
 Registers used:
		wreg, status,2, status,0
 Tracked objects:
		On entry : 
		On exit  : 
		Unchanged: 
 Data sizes:     COMMON   BANK0   BANK1   BANK2   BANK3   BANK4   BANK5   BANK6   BANK7   BANK8   BANK9  BANK10  BANK11  BANK12  BANK13  BANK14  BANK15  BANK16  BANK17  BANK18  BANK19  BANK20  BANK21  BANK22  BANK23  BANK24  BANK25  BANK26  BANK27  BANK28  BANK29  BANK30  BANK31  BANK32  BANK33  BANK34  BANK35  BANK36  BANK37  BANK38  BANK39  BANK40  BANK41  BANK42  BANK43  BANK44  BANK45  BANK46  BANK47  BANK48  BANK49  BANK50
      Params:         0       8       0       0       0       0       0       0       0       0       0       0       0       0       0       0       0       0       0       0       0       0       0       0       0       0       0       0       0       0       0       0       0       0       0       0       0       0       0       0       0       0       0       0       0       0       0       0       0       0       0       0
      Locals:         0      13       0       0       0       0       0       0       0       0       0       0       0       0       0       0       0       0       0       0       0       0       0       0       0       0       0       0       0       0       0       0       0       0       0       0       0       0       0       0       0       0       0       0       0       0       0       0       0       0       0       0
      Temps:          0       5       0       0       0       0       0       0       0       0       0       0       0       0       0       0       0       0       0       0       0       0       0       0       0       0       0       0       0       0       0       0       0       0       0       0       0       0       0       0       0       0       0       0       0       0       0       0       0       0       0       0
      Totals:         0      26       0       0       0       0       0       0       0       0       0       0       0       0       0       0       0       0       0       0       0       0       0       0       0       0       0       0       0       0       0       0       0       0       0       0       0       0       0       0       0       0       0       0       0       0       0       0       0       0       0       0
Total ram usage:       26 bytes
 Hardware stack levels used:    1
 Hardware stack levels required when called:    1
 This function calls:
		Nothing
 This function is called by:
		_distancia1
		_distancia2
		_distancia3
 This function uses a non-reentrant model


 *************** function ___wmul *****************
 Defined at:
		line 15 in file "C:\Program Files (x86)\Microchip\xc8\v2.00\pic\sources\c99\common\Umul16.c"
 Parameters:    Size  Location     Type
  multiplier      2    0[COMMON] unsigned int 
  multiplicand    2    2[COMMON] unsigned int 
 Auto vars:     Size  Location     Type
  product         2    4[COMMON] unsigned int 
 Return value:  Size  Location     Type
                  2    0[COMMON] unsigned int 
 Registers used:
		wreg, status,2, status,0
 Tracked objects:
		On entry : 
		On exit  : 
		Unchanged: 
 Data sizes:     COMMON   BANK0   BANK1   BANK2   BANK3   BANK4   BANK5   BANK6   BANK7   BANK8   BANK9  BANK10  BANK11  BANK12  BANK13  BANK14  BANK15  BANK16  BANK17  BANK18  BANK19  BANK20  BANK21  BANK22  BANK23  BANK24  BANK25  BANK26  BANK27  BANK28  BANK29  BANK30  BANK31  BANK32  BANK33  BANK34  BANK35  BANK36  BANK37  BANK38  BANK39  BANK40  BANK41  BANK42  BANK43  BANK44  BANK45  BANK46  BANK47  BANK48  BANK49  BANK50
      Params:         4       0       0       0       0       0       0       0       0       0       0       0       0       0       0       0       0       0       0       0       0       0       0       0       0       0       0       0       0       0       0       0       0       0       0       0       0       0       0       0       0       0       0       0       0       0       0       0       0       0       0       0
      Locals:         2       0       0       0       0       0       0       0       0       0       0       0       0       0       0       0       0       0       0       0       0       0       0       0       0       0       0       0       0       0       0       0       0       0       0       0       0       0       0       0       0       0       0       0       0       0       0       0       0       0       0       0
      Temps:          0       0       0       0       0       0       0       0       0       0       0       0       0       0       0       0       0       0       0       0       0       0       0       0       0       0       0       0       0       0       0       0       0       0       0       0       0       0       0       0       0       0       0       0       0       0       0       0       0       0       0       0
      Totals:         6       0       0       0       0       0       0       0       0       0       0       0       0       0       0       0       0       0       0       0       0       0       0       0       0       0       0       0       0       0       0       0       0       0       0       0       0       0       0       0       0       0       0       0       0       0       0       0       0       0       0       0
Total ram usage:        6 bytes
 Hardware stack levels used:    1
 Hardware stack levels required when called:    1
 This function calls:
		Nothing
 This function is called by:
		_main
 This function uses a non-reentrant model


 *************** function ___awmod *****************
 Defined at:
		line 5 in file "C:\Program Files (x86)\Microchip\xc8\v2.00\pic\sources\c99\common\awmod.c"
 Parameters:    Size  Location     Type
  divisor         2    4[BANK0 ] int 
  dividend        2    6[BANK0 ] int 
 Auto vars:     Size  Location     Type
  sign            1   10[BANK0 ] unsigned char 
  counter         1    9[BANK0 ] unsigned char 
 Return value:  Size  Location     Type
                  2    4[BANK0 ] int 
 Registers used:
		wreg, status,2, status,0
 Tracked objects:
		On entry : 
		On exit  : 
		Unchanged: 
 Data sizes:     COMMON   BANK0   BANK1   BANK2   BANK3   BANK4   BANK5   BANK6   BANK7   BANK8   BANK9  BANK10  BANK11  BANK12  BANK13  BANK14  BANK15  BANK16  BANK17  BANK18  BANK19  BANK20  BANK21  BANK22  BANK23  BANK24  BANK25  BANK26  BANK27  BANK28  BANK29  BANK30  BANK31  BANK32  BANK33  BANK34  BANK35  BANK36  BANK37  BANK38  BANK39  BANK40  BANK41  BANK42  BANK43  BANK44  BANK45  BANK46  BANK47  BANK48  BANK49  BANK50
      Params:         0       4       0       0       0       0       0       0       0       0       0       0       0       0       0       0       0       0       0       0       0       0       0       0       0       0       0       0       0       0       0       0       0       0       0       0       0       0       0       0       0       0       0       0       0       0       0       0       0       0       0       0
      Locals:         0       2       0       0       0       0       0       0       0       0       0       0       0       0       0       0       0       0       0       0       0       0       0       0       0       0       0       0       0       0       0       0       0       0       0       0       0       0       0       0       0       0       0       0       0       0       0       0       0       0       0       0
      Temps:          0       1       0       0       0       0       0       0       0       0       0       0       0       0       0       0       0       0       0       0       0       0       0       0       0       0       0       0       0       0       0       0       0       0       0       0       0       0       0       0       0       0       0       0       0       0       0       0       0       0       0       0
      Totals:         0       7       0       0       0       0       0       0       0       0       0       0       0       0       0       0       0       0       0       0       0       0       0       0       0       0       0       0       0       0       0       0       0       0       0       0       0       0       0       0       0       0       0       0       0       0       0       0       0       0       0       0
Total ram usage:        7 bytes
 Hardware stack levels used:    1
 Hardware stack levels required when called:    1
 This function calls:
		Nothing
 This function is called by:
		_main
 This function uses a non-reentrant model


 *************** function _INTERRUp *****************
 Defined at:
		line 959 in file "Resuelve.c"
 Parameters:    Size  Location     Type
		None
 Auto vars:     Size  Location     Type
		None
 Return value:  Size  Location     Type
                  1    wreg      void 
 Registers used:
		None
 Tracked objects:
		On entry : 
		On exit  : 
		Unchanged: 
 Data sizes:     COMMON   BANK0   BANK1   BANK2   BANK3   BANK4   BANK5   BANK6   BANK7   BANK8   BANK9  BANK10  BANK11  BANK12  BANK13  BANK14  BANK15  BANK16  BANK17  BANK18  BANK19  BANK20  BANK21  BANK22  BANK23  BANK24  BANK25  BANK26  BANK27  BANK28  BANK29  BANK30  BANK31  BANK32  BANK33  BANK34  BANK35  BANK36  BANK37  BANK38  BANK39  BANK40  BANK41  BANK42  BANK43  BANK44  BANK45  BANK46  BANK47  BANK48  BANK49  BANK50
      Params:         0       0       0       0       0       0       0       0       0       0       0       0       0       0       0       0       0       0       0       0       0       0       0       0       0       0       0       0       0       0       0       0       0       0       0       0       0       0       0       0       0       0       0       0       0       0       0       0       0       0       0       0
      Locals:         0       0       0       0       0       0       0       0       0       0       0       0       0       0       0       0       0       0       0       0       0       0       0       0       0       0       0       0       0       0       0       0       0       0       0       0       0       0       0       0       0       0       0       0       0       0       0       0       0       0       0       0
      Temps:          0       0       0       0       0       0       0       0       0       0       0       0       0       0       0       0       0       0       0       0       0       0       0       0       0       0       0       0       0       0       0       0       0       0       0       0       0       0       0       0       0       0       0       0       0       0       0       0       0       0       0       0
      Totals:         0       0       0       0       0       0       0       0       0       0       0       0       0       0       0       0       0       0       0       0       0       0       0       0       0       0       0       0       0       0       0       0       0       0       0       0       0       0       0       0       0       0       0       0       0       0       0       0       0       0       0       0
Total ram usage:        0 bytes
 Hardware stack levels used:    1
 This function calls:
		Nothing
 This function is called by:
		Interrupt level 1
 This function uses a non-reentrant model



MODULE INFORMATION

Module		Function		Class		Link	Load	Size
C:\Program Files (x86)\Microchip\xc8\v2.00\pic\sources\c99\common\sprcmul.c
		___flmul       		CODE           	0AFA	0000	620

C:\Program Files (x86)\Microchip\xc8\v2.00\pic\sources\c99\common\sprcmul.c estimated size: 620

Resuelve.c
		_main          		CODE           	1AC3	0000	6133
		_INTERRUp      		CODE           	0004	0000	8
		_distancia1    		CODE           	1884	0000	155
		_distancia2    		CODE           	191E	0000	155
		_distancia3    		CODE           	0827	0000	155

Resuelve.c estimated size: 6606

C:\Program Files (x86)\Microchip\xc8\v2.00\pic\sources\c99\common\Umul32.c
		___lmul        		CODE           	101D	0000	56

C:\Program Files (x86)\Microchip\xc8\v2.00\pic\sources\c99\common\Umul32.c estimated size: 56

C:\Program Files (x86)\Microchip\xc8\v2.00\pic\sources\c99\common\sprcdiv.c
		___fldiv       		CODE           	11E9	0000	480

C:\Program Files (x86)\Microchip\xc8\v2.00\pic\sources\c99\common\sprcdiv.c estimated size: 480

C:\Program Files (x86)\Microchip\xc8\v2.00\pic\sources\c99\common\Umul8_16.c
		__Umul8_16     		CODE           	0801	0000	39

C:\Program Files (x86)\Microchip\xc8\v2.00\pic\sources\c99\common\Umul8_16.c estimated size: 39

C:\Program Files (x86)\Microchip\xc8\v2.00\pic\sources\c99\common\xxtofl.c
		___xxtofl      		CODE           	0733	0000	181

C:\Program Files (x86)\Microchip\xc8\v2.00\pic\sources\c99\common\xxtofl.c estimated size: 181

C:\Program Files (x86)\Microchip\xc8\v2.00\pic\sources\c99\common\awmod.c
		___awmod       		CODE           	1826	0000	95

C:\Program Files (x86)\Microchip\xc8\v2.00\pic\sources\c99\common\awmod.c estimated size: 95

shared
		__initialization		CODE           	000D	0000	24

shared estimated size: 24

C:\Program Files (x86)\Microchip\xc8\v2.00\pic\sources\c99\common\fltol.c
		___fltol       		CODE           	276B	0000	150

C:\Program Files (x86)\Microchip\xc8\v2.00\pic\sources\c99\common\fltol.c estimated size: 150

C:\Program Files (x86)\Microchip\xc8\v2.00\pic\sources\c99\common\rand.c
		_rand          		CODE           	2735	0000	55

C:\Program Files (x86)\Microchip\xc8\v2.00\pic\sources\c99\common\rand.c estimated size: 55

C:\Program Files (x86)\Microchip\xc8\v2.00\pic\sources\c99\common\Umul16.c
		___wmul        		CODE           	1804	0000	35

C:\Program Files (x86)\Microchip\xc8\v2.00\pic\sources\c99\common\Umul16.c estimated size: 35

