Microchip MPLAB XC8 Compiler V2.00 ()

Linker command line:

-W-3 --edf=C:\Program Files (x86)\Microchip\xc8\v2.00\pic\dat\en_msgs.txt \
  -cs -h+dist/default/production\On_off_hister.X.production.sym \
  --cmf=dist/default/production\On_off_hister.X.production.cmf -z \
  -Q16F18877 -oC:\Users\Travelur\AppData\Local\Temp\sdb8.2 \
  --defsym=__MPLAB_BUILD=1 \
  -Mdist/default/production/On_off_hister.X.production.map -E1 -ver=XC8 \
  --acfsm=1493 -ASTACK=02190h-02fefh -pstack=STACK -ACODE=00h-07FFhx16 \
  -ASTRCODE=00h-07FFFh -ASTRING=00h-0FFhx128 -ACONST=00h-0FFhx128 \
  -AENTRY=00h-0FFhx128 -ACOMMON=070h-07Fh -ABANK0=020h-06Fh \
  -ABANK1=0A0h-0EFh -ABANK2=0120h-016Fh -ABANK3=01A0h-01EFh \
  -ABANK4=0220h-026Fh -ABANK5=02A0h-02EFh -ABANK6=0320h-036Fh \
  -ABANK7=03A0h-03EFh -ABANK8=0420h-046Fh -ABANK9=04A0h-04EFh \
  -ABANK10=0520h-056Fh -ABANK11=05A0h-05EFh -ABANK12=0620h-066Fh \
  -ABANK13=06A0h-06EFh -ABANK14=0720h-076Fh -ABANK15=07A0h-07EFh \
  -ABANK16=0820h-086Fh -ABANK17=08A0h-08EFh -ABANK18=0920h-096Fh \
  -ABANK19=09A0h-09EFh -ABANK20=0A20h-0A6Fh -ABANK21=0AA0h-0AEFh \
  -ABANK22=0B20h-0B6Fh -ABANK23=0BA0h-0BEFh -ABANK24=0C20h-0C6Fh \
  -ABANK25=0CA0h-0CEFh -ABANK26=0D20h-0D6Fh -ABANK27=0DA0h-0DEFh \
  -ABANK28=0E20h-0E6Fh -ABANK29=0EA0h-0EEFh -ABANK30=0F20h-0F6Fh \
  -ABANK31=0FA0h-0FEFh -ABANK32=01020h-0106Fh -ABANK33=010A0h-010EFh \
  -ABANK34=01120h-0116Fh -ABANK35=011A0h-011EFh -ABANK36=01220h-0126Fh \
  -ABANK37=012A0h-012EFh -ABANK38=01320h-0136Fh -ABANK39=013A0h-013EFh \
  -ABANK40=01420h-0146Fh -ABANK41=014A0h-014EFh -ABANK42=01520h-0156Fh \
  -ABANK43=015A0h-015EFh -ABANK44=01620h-0166Fh -ABANK45=016A0h-016EFh \
  -ABANK46=01720h-0176Fh -ABANK47=017A0h-017EFh -ABANK48=01820h-0186Fh \
  -ABANK49=018A0h-018EFh -ABANK50=01920h-0196Fh -ABIGRAM=02000h-02FEFh \
  -ARAM=020h-06Fh,0A0h-0EFh,0120h-016Fh,01A0h-01EFh,0220h-026Fh,02A0h-02EFh,0320h-036Fh,03A0h-03EFh,0420h-046Fh,04A0h-04EFh,0520h-056Fh,05A0h-05EFh,0620h-066Fh,06A0h-06EFh,0720h-076Fh,07A0h-07EFh,0820h-086Fh,08A0h-08EFh,0920h-096Fh,09A0h-09EFh,0A20h-0A6Fh,0AA0h-0AEFh,0B20h-0B6Fh,0BA0h-0BEFh,0C20h-0C6Fh,0CA0h-0CEFh,0D20h-0D6Fh,0DA0h-0DEFh,0E20h-0E6Fh,0EA0h-0EEFh,0F20h-0F6Fh,0FA0h-0FEFh,01020h-0106Fh,010A0h-010EFh,01120h-0116Fh,011A0h-011EFh,01220h-0126Fh,012A0h-012EFh,01320h-0136Fh,013A0h-013EFh,01420h-0146Fh,014A0h-014EFh,01520h-0156Fh,015A0h-015EFh,01620h-0166Fh,016A0h-016EFh,01720h-0176Fh,017A0h-017EFh,01820h-0186Fh,018A0h-018EFh,01920h-0196Fh \
  -AABS1=020h-07Fh,0A0h-0EFh,0120h-016Fh,01A0h-01EFh,0220h-026Fh,02A0h-02EFh,0320h-036Fh,03A0h-03EFh,0420h-046Fh,04A0h-04EFh,0520h-056Fh,05A0h-05EFh,0620h-066Fh,06A0h-06EFh,0720h-076Fh,07A0h-07EFh,0820h-086Fh,08A0h-08EFh,0920h-096Fh,09A0h-09EFh,0A20h-0A6Fh,0AA0h-0AEFh,0B20h-0B6Fh,0BA0h-0BEFh,0C20h-0C6Fh,0CA0h-0CEFh,0D20h-0D6Fh,0DA0h-0DEFh,0E20h-0E6Fh,0EA0h-0EEFh,0F20h-0F6Fh,0FA0h-0FEFh,01020h-0106Fh,010A0h-010EFh,01120h-0116Fh,011A0h-011EFh,01220h-0126Fh,012A0h-012EFh,01320h-0136Fh,013A0h-013EFh,01420h-0146Fh,014A0h-014EFh,01520h-0156Fh,015A0h-015EFh,01620h-0166Fh,016A0h-016EFh,01720h-0176Fh,017A0h-017EFh,01820h-0186Fh,018A0h-018EFh,01920h-0196Fh \
  -ASFR0=00h-01Fh -ASFR1=080h-09Fh -ASFR2=0100h-011Fh -ASFR3=0180h-019Fh \
  -ASFR4=0200h-021Fh -ASFR5=0280h-029Fh -ASFR6=0300h-031Fh \
  -ASFR7=0380h-039Fh -ASFR8=0400h-041Fh -ASFR9=0480h-049Fh \
  -ASFR10=0500h-051Fh -ASFR11=0580h-059Fh -ASFR12=0600h-061Fh \
  -ASFR13=0680h-069Fh -ASFR14=0700h-071Fh -ASFR15=0780h-079Fh \
  -ASFR16=0800h-081Fh -ASFR17=0880h-089Fh -ASFR18=0900h-091Fh \
  -ASFR19=0980h-099Fh -ASFR20=0A00h-0A1Fh -ASFR21=0A80h-0A9Fh \
  -ASFR22=0B00h-0B1Fh -ASFR23=0B80h-0B9Fh -ASFR24=0C00h-0C1Fh \
  -ASFR25=0C80h-0C9Fh -ASFR26=0D00h-0D1Fh -ASFR27=0D80h-0D9Fh \
  -ASFR28=0E00h-0E1Fh -ASFR29=0E80h-0E9Fh -ASFR30=0F00h-0F1Fh \
  -ASFR31=0F80h-0F9Fh -ASFR32=01000h-0101Fh -ASFR33=01080h-0109Fh \
  -ASFR34=01100h-0111Fh -ASFR35=01180h-0119Fh -ASFR36=01200h-0121Fh \
  -ASFR37=01280h-0129Fh -ASFR38=01300h-0131Fh -ASFR39=01380h-0139Fh \
  -ASFR40=01400h-0141Fh -ASFR41=01480h-0149Fh -ASFR42=01500h-0151Fh \
  -ASFR43=01580h-0159Fh -ASFR44=01600h-0161Fh -ASFR45=01680h-0169Fh \
  -ASFR46=01700h-0171Fh -ASFR47=01780h-0179Fh -ASFR48=01800h-0181Fh \
  -ASFR49=01880h-0189Fh -ASFR50=01900h-0191Fh -ASFR51=01980h-019EFh \
  -ASFR52=01A00h-01A6Fh -ASFR53=01A80h-01AEFh -ASFR54=01B00h-01B6Fh \
  -ASFR55=01B80h-01BEFh -ASFR56=01C00h-01C6Fh -ASFR57=01C80h-01CEFh \
  -ASFR58=01D00h-01D6Fh -ASFR59=01D80h-01DEFh -ASFR60=01E00h-01E6Fh \
  -ASFR61=01E80h-01EEFh -ASFR62=01F00h-01F6Fh -ASFR63=01F80h-01FEFh \
  -preset_vec=00h,intentry,init,end_init -ppowerup=CODE -pcinit=CODE \
  -pfunctab=ENTRY -ACONFIG=08007h-0800Bh -pconfig=CONFIG -DCONFIG=2 \
  -AIDLOC=08000h-08003h -pidloc=IDLOC -DIDLOC=2 -AEEDATA=00h-0FFh/0F000h \
  -peeprom_data=EEDATA -DEEDATA=2 -DCODE=2 -DSTRCODE=2 -DSTRING=2 -DCONST=2 \
  -DENTRY=2 -k C:\Users\Travelur\AppData\Local\Temp\sdb8.o \
  dist/default/production\On_off_hister.X.production.o 

Object code version is 3.11

Machine type is 16F18877



                Name                               Link     Load   Length Selector   Space Scale
C:\Users\Travelur\AppData\Local\Temp\sdb8.o
                end_init                              2        2        2        0       0
                reset_vec                             0        0        2        0       0
                config                             8007     8007        5    1000E       0
dist/default/production\On_off_hister.X.production.o
                cinit                               7E5      7E5       1B      FCA       0
                text35                             1C82     1C82       99     3904       0
                text34                             1E66     1E66       B0     3CCC       0
                text33                             1D1B     1D1B       9D     3A36       0
                text32                             19B7     19B7       4F     336E       0
                text31                              82F      82F       B4     105E       0
                text30                             185C     185C       22     30B8       0
                text29                             1809     1809       19     3012       0
                text28                             187E     187E       23     30FC       0
                text27                             1F16     1F16       EA     3E2C       0
                text26                             1B1B     1B1B       69     3636       0
                text25                             1A61     1A61       5D     34C2       0
                text24                             1144     1144      1DF     2288       0
                text23                             1005     1005       50     200A       0
                text22                             1DB8     1DB8       AE     3B70       0
                text21                             18C5     18C5       26     318A       0
                text20                             1323     1323      26B     2646       0
                text19                                7        7        D        E       0
                text18                             158E     158E      272     2B1C       0
                text17                             183B     183B       21     3076       0
                text16                             1BEE     1BEE       94     37DC       0
                text15                               14       14       83       28       0
                text14                             1055     1055       EF     20AA       0
                text13                                6        6        1        C       0
                text12                             1A06     1A06       5B     340C       0
                text11                              804      804       2B     1008       0
                text10                             18EB     18EB       2A     31D6       0
                text9                              1ABE     1ABE       5D     357C       0
                text8                              18A1     18A1       24     3142       0
                text7                              1822     1822       19     3044       0
                text6                              1915     1915       33     322A       0
                text5                                97       97      74E      12E       0
                text4                              1B84     1B84       6A     3708       0
                text3                               C16      C16      3EA     182C       0
                text2                              197E     197E       39     32FC       0
                text1                              1948     1948       36     3290       0
                maintext                            8E3      8E3      333     11C6       0
                cstackBANK0                          20       20       50       20       1
                cstackCOMMON                         70       70        E       70       1
                cstackBANK1                          A0       A0       4E       A0       1
                cstackBANK2                         120      120       46      120       1
                clrtext                            1803     1803        6     3006       0
                bssBANK4                            220      220       50      220       1
                bssBANK3                            1A0      1A0        4      1A0       1
                bssBANK2                            166      166        A      120       1
                bssBANK1                             EE       EE        2       A0       1
                stringtext9                        202E     202E        3     4000       0
                stringtext8                        202A     202A        4     4000       0
                stringtext7                        2026     2026        4     4000       0
                stringtext6                        2022     2022        4     4000       0
                stringtext5                        201E     201E        4     4000       0
                stringtext4                        201A     201A        4     4000       0
                stringtext3                        2016     2016        4     4000       0
                stringtext2                        200C     200C        A     4000       0
                stringtext1                        2000     2000        C     4000       0

TOTAL           Name                               Link     Load   Length     Space
        CLASS   STACK          

        CLASS   CODE           
                end_init                              2        2        2         0
                cinit                               7E5      7E5       1B         0
                reset_vec                             0        0        2         0
                text35                             1C82     1C82       99         0
                text34                             1E66     1E66       B0         0
                text33                             1D1B     1D1B       9D         0
                text32                             19B7     19B7       4F         0
                text31                              82F      82F       B4         0
                text30                             185C     185C       22         0
                text29                             1809     1809       19         0
                text28                             187E     187E       23         0
                text27                             1F16     1F16       EA         0
                text26                             1B1B     1B1B       69         0
                text25                             1A61     1A61       5D         0
                text24                             1144     1144      1DF         0
                text23                             1005     1005       50         0
                text22                             1DB8     1DB8       AE         0
                text21                             18C5     18C5       26         0
                text20                             1323     1323      26B         0
                text19                                7        7        D         0
                text18                             158E     158E      272         0
                text17                             183B     183B       21         0
                text16                             1BEE     1BEE       94         0
                text15                               14       14       83         0
                text14                             1055     1055       EF         0
                text13                                6        6        1         0
                text12                             1A06     1A06       5B         0
                text11                              804      804       2B         0
                text10                             18EB     18EB       2A         0
                text9                              1ABE     1ABE       5D         0
                text8                              18A1     18A1       24         0
                text7                              1822     1822       19         0
                text6                              1915     1915       33         0
                text5                                97       97      74E         0
                text4                              1B84     1B84       6A         0
                text3                               C16      C16      3EA         0
                text2                              197E     197E       39         0
                text1                              1948     1948       36         0
                maintext                            8E3      8E3      333         0
                clrtext                            1803     1803        6         0

        CLASS   STRCODE        
                stringtext9                        202E     202E        3         0
                stringtext8                        202A     202A        4         0
                stringtext7                        2026     2026        4         0
                stringtext6                        2022     2022        4         0
                stringtext5                        201E     201E        4         0
                stringtext4                        201A     201A        4         0
                stringtext3                        2016     2016        4         0
                stringtext2                        200C     200C        A         0
                stringtext1                        2000     2000        C         0

        CLASS   STRING         

        CLASS   CONST          

        CLASS   ENTRY          

        CLASS   COMMON         
                cstackCOMMON                         70       70        E         1

        CLASS   BANK0          
                cstackBANK0                          20       20       50         1

        CLASS   BANK1          
                cstackBANK1                          A0       A0       4E         1
                bssBANK1                             EE       EE        2         1

        CLASS   BANK2          
                cstackBANK2                         120      120       46         1
                bssBANK2                            166      166        A         1

        CLASS   BANK3          
                bssBANK3                            1A0      1A0        4         1

        CLASS   BANK4          
                bssBANK4                            220      220       50         1

        CLASS   BANK5          

        CLASS   BANK6          

        CLASS   BANK7          

        CLASS   BANK8          

        CLASS   BANK9          

        CLASS   BANK10         

        CLASS   BANK11         

        CLASS   BANK12         

        CLASS   BANK13         

        CLASS   BANK14         

        CLASS   BANK15         

        CLASS   BANK16         

        CLASS   BANK17         

        CLASS   BANK18         

        CLASS   BANK19         

        CLASS   BANK20         

        CLASS   BANK21         

        CLASS   BANK22         

        CLASS   BANK23         

        CLASS   BANK24         

        CLASS   BANK25         

        CLASS   BANK26         

        CLASS   BANK27         

        CLASS   BANK28         

        CLASS   BANK29         

        CLASS   BANK30         

        CLASS   BANK31         

        CLASS   BANK32         

        CLASS   BANK33         

        CLASS   BANK34         

        CLASS   BANK35         

        CLASS   BANK36         

        CLASS   BANK37         

        CLASS   BANK38         

        CLASS   BANK39         

        CLASS   BANK40         

        CLASS   BANK41         

        CLASS   BANK42         

        CLASS   BANK43         

        CLASS   BANK44         

        CLASS   BANK45         

        CLASS   BANK46         

        CLASS   BANK47         

        CLASS   BANK48         

        CLASS   BANK49         

        CLASS   BANK50         

        CLASS   BIGRAM         

        CLASS   RAM            

        CLASS   ABS1           
                abs_s1                               7E       7E        2         1

        CLASS   SFR0           

        CLASS   SFR1           

        CLASS   SFR2           

        CLASS   SFR3           

        CLASS   SFR4           

        CLASS   SFR5           

        CLASS   SFR6           

        CLASS   SFR7           

        CLASS   SFR8           

        CLASS   SFR9           

        CLASS   SFR10          

        CLASS   SFR11          

        CLASS   SFR12          

        CLASS   SFR13          

        CLASS   SFR14          

        CLASS   SFR15          

        CLASS   SFR16          

        CLASS   SFR17          

        CLASS   SFR18          

        CLASS   SFR19          

        CLASS   SFR20          

        CLASS   SFR21          

        CLASS   SFR22          

        CLASS   SFR23          

        CLASS   SFR24          

        CLASS   SFR25          

        CLASS   SFR26          

        CLASS   SFR27          

        CLASS   SFR28          

        CLASS   SFR29          

        CLASS   SFR30          

        CLASS   SFR31          

        CLASS   SFR32          

        CLASS   SFR33          

        CLASS   SFR34          

        CLASS   SFR35          

        CLASS   SFR36          

        CLASS   SFR37          

        CLASS   SFR38          

        CLASS   SFR39          

        CLASS   SFR40          

        CLASS   SFR41          

        CLASS   SFR42          

        CLASS   SFR43          

        CLASS   SFR44          

        CLASS   SFR45          

        CLASS   SFR46          

        CLASS   SFR47          

        CLASS   SFR48          

        CLASS   SFR49          

        CLASS   SFR50          

        CLASS   SFR51          

        CLASS   SFR52          

        CLASS   SFR53          

        CLASS   SFR54          

        CLASS   SFR55          

        CLASS   SFR56          

        CLASS   SFR57          

        CLASS   SFR58          

        CLASS   SFR59          

        CLASS   SFR60          

        CLASS   SFR61          

        CLASS   SFR62          

        CLASS   SFR63          

        CLASS   CONFIG         
                config                             8007     8007        5         0

        CLASS   IDLOC          

        CLASS   EEDATA         

        CLASS   BANK63         

        CLASS   BANK62         

        CLASS   BANK61         

        CLASS   BANK60         

        CLASS   BANK59         

        CLASS   BANK58         

        CLASS   BANK57         

        CLASS   BANK56         

        CLASS   BANK55         

        CLASS   BANK54         

        CLASS   BANK53         

        CLASS   BANK52         

        CLASS   BANK51         



SEGMENTS        Name                           Load    Length   Top    Selector   Space  Class     Delta

                reset_vec                      000000  000004  000004         0       0  CODE        2
                text13                         000006  000001  000007         C       0  CODE        2
                text19                         000007  00000D  000014         E       0  CODE        2
                cstackBANK0                    000020  000050  000070        20       1  BANK0       1
                text15                         000014  000083  000097        28       0  CODE        2
                cstackCOMMON                   000070  00000E  00007E        70       1  COMMON      1
                cstackBANK1                    0000A0  000050  0000F0        A0       1  BANK1       1
                cstackBANK2                    000120  000050  000170       120       1  BANK2       1
                text5                          000097  00074E  0007E5       12E       0  CODE        2
                bssBANK3                       0001A0  000004  0001A4       1A0       1  BANK3       1
                bssBANK4                       000220  000050  000270       220       1  BANK4       1
                cinit                          0007E5  00001B  000800       FCA       0  CODE        2
                text11                         000804  00002B  00082F      1008       0  CODE        2
                text31                         00082F  0000B4  0008E3      105E       0  CODE        2
                maintext                       0008E3  000333  000C16      11C6       0  CODE        2
                text3                          000C16  0003EA  001000      182C       0  CODE        2
                text23                         001005  000050  001055      200A       0  CODE        2
                text14                         001055  0000EF  001144      20AA       0  CODE        2
                text24                         001144  0001DF  001323      2288       0  CODE        2
                text20                         001323  00026B  00158E      2646       0  CODE        2
                text18                         00158E  000272  001800      2B1C       0  CODE        2
                clrtext                        001803  000006  001809      3006       0  CODE        2
                text29                         001809  000019  001822      3012       0  CODE        2
                text7                          001822  000019  00183B      3044       0  CODE        2
                text17                         00183B  000021  00185C      3076       0  CODE        2
                text30                         00185C  000022  00187E      30B8       0  CODE        2
                text28                         00187E  000023  0018A1      30FC       0  CODE        2
                text8                          0018A1  000024  0018C5      3142       0  CODE        2
                text21                         0018C5  000026  0018EB      318A       0  CODE        2
                text10                         0018EB  00002A  001915      31D6       0  CODE        2
                text6                          001915  000033  001948      322A       0  CODE        2
                text1                          001948  000036  00197E      3290       0  CODE        2
                text2                          00197E  000039  0019B7      32FC       0  CODE        2
                text32                         0019B7  00004F  001A06      336E       0  CODE        2
                text12                         001A06  00005B  001A61      340C       0  CODE        2
                text25                         001A61  00005D  001ABE      34C2       0  CODE        2
                text9                          001ABE  00005D  001B1B      357C       0  CODE        2
                text26                         001B1B  000069  001B84      3636       0  CODE        2
                text4                          001B84  00006A  001BEE      3708       0  CODE        2
                text16                         001BEE  000094  001C82      37DC       0  CODE        2
                text35                         001C82  000099  001D1B      3904       0  CODE        2
                text33                         001D1B  00009D  001DB8      3A36       0  CODE        2
                text22                         001DB8  0000AE  001E66      3B70       0  CODE        2
                text34                         001E66  0000B0  001F16      3CCC       0  CODE        2
                text27                         001F16  0000EA  002000      3E2C       0  CODE        2
                stringtext1                    002000  000031  002031      4000       0  STRCODE     2
                config                         008007  000005  00800C     1000E       0  CONFIG      2


UNUSED ADDRESS RANGES

        Name                Unused          Largest block    Delta
        BANK10           00520-0056F              50           1
        BANK11           005A0-005EF              50           1
        BANK12           00620-0066F              50           1
        BANK13           006A0-006EF              50           1
        BANK14           00720-0076F              50           1
        BANK15           007A0-007EF              50           1
        BANK16           00820-0086F              50           1
        BANK17           008A0-008EF              50           1
        BANK18           00920-0096F              50           1
        BANK19           009A0-009EF              50           1
        BANK20           00A20-00A6F              50           1
        BANK21           00AA0-00AEF              50           1
        BANK22           00B20-00B6F              50           1
        BANK23           00BA0-00BEF              50           1
        BANK24           00C20-00C6F              50           1
        BANK25           00CA0-00CEF              50           1
        BANK26           00D20-00D6F              50           1
        BANK27           00DA0-00DEF              50           1
        BANK28           00E20-00E6F              50           1
        BANK29           00EA0-00EEF              50           1
        BANK3            001A4-001EF              4C           1
        BANK30           00F20-00F6F              50           1
        BANK31           00FA0-00FEF              50           1
        BANK32           01020-0106F              50           1
        BANK33           010A0-010EF              50           1
        BANK34           01120-0116F              50           1
        BANK35           011A0-011EF              50           1
        BANK36           01220-0126F              50           1
        BANK37           012A0-012EF              50           1
        BANK38           01320-0136F              50           1
        BANK39           013A0-013EF              50           1
        BANK40           01420-0146F              50           1
        BANK41           014A0-014EF              50           1
        BANK42           01520-0156F              50           1
        BANK43           015A0-015EF              50           1
        BANK44           01620-0166F              50           1
        BANK45           016A0-016EF              50           1
        BANK46           01720-0176F              50           1
        BANK47           017A0-017EF              50           1
        BANK48           01820-0186F              50           1
        BANK49           018A0-018EF              50           1
        BANK5            002A0-002EF              50           1
        BANK50           01920-0196F              50           1
        BANK6            00320-0036F              50           1
        BANK7            003A0-003EF              50           1
        BANK8            00420-0046F              50           1
        BANK9            004A0-004EF              50           1
        BIGRAM           02000-02FEF             FF0           1
        CODE             00004-00005               2           2
                         00800-00803               4
                         01000-01004               5
                         01800-01802               3
                         02031-07FFF             800
        CONST            00004-00005               2           2
                         00800-00803               4
                         01000-01004               5
                         01800-01802               3
                         02031-07FFF             100
        EEDATA           0F000-0F0FF             100           2
        ENTRY            00004-00005               2           2
                         00800-00803               4
                         01000-01004               5
                         01800-01802               3
                         02031-07FFF             100
        IDLOC            08000-08003               4           2
        RAM              001A4-001EF              4C           1
                         002A0-002EF              50
                         00320-0036F              50
                         003A0-003EF              50
                         00420-0046F              50
                         004A0-004EF              50
                         00520-0056F              50
                         005A0-005EF              50
                         00620-0066F              50
                         006A0-006EF              50
                         00720-0076F              50
                         007A0-007EF              50
                         00820-0086F              50
                         008A0-008EF              50
                         00920-0096F              50
                         009A0-009EF              50
                         00A20-00A6F              50
                         00AA0-00AEF              50
                         00B20-00B6F              50
                         00BA0-00BEF              50
                         00C20-00C6F              50
                         00CA0-00CEF              50
                         00D20-00D6F              50
                         00DA0-00DEF              50
                         00E20-00E6F              50
                         00EA0-00EEF              50
                         00F20-00F6F              50
                         00FA0-00FEF              50
                         01020-0106F              50
                         010A0-010EF              50
                         01120-0116F              50
                         011A0-011EF              50
                         01220-0126F              50
                         012A0-012EF              50
                         01320-0136F              50
                         013A0-013EF              50
                         01420-0146F              50
                         014A0-014EF              50
                         01520-0156F              50
                         015A0-015EF              50
                         01620-0166F              50
                         016A0-016EF              50
                         01720-0176F              50
                         017A0-017EF              50
                         01820-0186F              50
                         018A0-018EF              50
                         01920-0196F              50
        SFR0             00000-0001F              20           1
        SFR1             00080-0009F              20           1
        SFR10            00500-0051F              20           1
        SFR11            00580-0059F              20           1
        SFR12            00600-0061F              20           1
        SFR13            00680-0069F              20           1
        SFR14            00700-0071F              20           1
        SFR15            00780-0079F              20           1
        SFR16            00800-0081F              20           1
        SFR17            00880-0089F              20           1
        SFR18            00900-0091F              20           1
        SFR19            00980-0099F              20           1
        SFR2             00100-0011F              20           1
        SFR20            00A00-00A1F              20           1
        SFR21            00A80-00A9F              20           1
        SFR22            00B00-00B1F              20           1
        SFR23            00B80-00B9F              20           1
        SFR24            00C00-00C1F              20           1
        SFR25            00C80-00C9F              20           1
        SFR26            00D00-00D1F              20           1
        SFR27            00D80-00D9F              20           1
        SFR28            00E00-00E1F              20           1
        SFR29            00E80-00E9F              20           1
        SFR3             00180-0019F              20           1
        SFR30            00F00-00F1F              20           1
        SFR31            00F80-00F9F              20           1
        SFR32            01000-0101F              20           1
        SFR33            01080-0109F              20           1
        SFR34            01100-0111F              20           1
        SFR35            01180-0119F              20           1
        SFR36            01200-0121F              20           1
        SFR37            01280-0129F              20           1
        SFR38            01300-0131F              20           1
        SFR39            01380-0139F              20           1
        SFR4             00200-0021F              20           1
        SFR40            01400-0141F              20           1
        SFR41            01480-0149F              20           1
        SFR42            01500-0151F              20           1
        SFR43            01580-0159F              20           1
        SFR44            01600-0161F              20           1
        SFR45            01680-0169F              20           1
        SFR46            01700-0171F              20           1
        SFR47            01780-0179F              20           1
        SFR48            01800-0181F              20           1
        SFR49            01880-0189F              20           1
        SFR5             00280-0029F              20           1
        SFR50            01900-0191F              20           1
        SFR51            01980-019EF              70           1
        SFR52            01A00-01A6F              70           1
        SFR53            01A80-01AEF              70           1
        SFR54            01B00-01B6F              70           1
        SFR55            01B80-01BEF              70           1
        SFR56            01C00-01C6F              70           1
        SFR57            01C80-01CEF              70           1
        SFR58            01D00-01D6F              70           1
        SFR59            01D80-01DEF              70           1
        SFR6             00300-0031F              20           1
        SFR60            01E00-01E6F              70           1
        SFR61            01E80-01EEF              70           1
        SFR62            01F00-01F6F              70           1
        SFR63            01F80-01FEF              70           1
        SFR7             00380-0039F              20           1
        SFR8             00400-0041F              20           1
        SFR9             00480-0049F              20           1
        STACK            02190-02FEF             E60           1
        STRCODE          00004-00005               2           2
                         00800-00803               4
                         01000-01004               5
                         01800-01802               3
                         02031-07FFF            5FCF
        STRING           00004-00005               2           2
                         00800-00803               4
                         01000-01004               5
                         01800-01802               3
                         02031-07FFF             100

                                  Symbol Table

?__Umul8_16              cstackCOMMON 00070
?___awdiv                cstackCOMMON 00070
?___awmod                cstackCOMMON 00070
?___fladd                cstackCOMMON 00074
?___fldiv                cstackBANK0  0003A
?___flmul                cstackBANK0  00020
?___flneg                cstackCOMMON 00070
?___flsub                cstackBANK0  0003A
?___fltol                cstackCOMMON 00070
?___fpclassifyf          cstackCOMMON 00070
?___wmul                 cstackCOMMON 00070
?___xxtofl               cstackCOMMON 00070
?_atoi                   cstackCOMMON 00076
?_efgtoa                 cstackBANK0  00068
?_floorf                 cstackBANK0  00054
?_isdigit                cstackCOMMON 00070
?_isspace                cstackCOMMON 00070
?_isupper                cstackCOMMON 00070
?_pad                    cstackBANK0  00024
?_sprintf                cstackBANK2  00131
?_strlen                 cstackCOMMON 00070
?_strncmp                cstackCOMMON 00070
?_tolower                cstackCOMMON 00076
?_vfpfcnvrt              cstackBANK0  0006D
?_vfprintf               cstackBANK1  000E3
Lcd_Chr_CP@data          cstackCOMMON 00072
Lcd_Cmd@data             cstackCOMMON 00072
Lcd_Init@data            cstackCOMMON 00074
Lcd_Out2@buffer          cstackCOMMON 00074
Lcd_Out2@data            cstackCOMMON 00078
Lcd_Out2@x               cstackCOMMON 00073
Lcd_Out2@y               cstackCOMMON 00077
_ADCON0bits              (abs)        00093
_ADPCH                   (abs)        0009E
_ADREFbits               (abs)        0009A
_ADRESH                  (abs)        0008D
_ADRESL                  (abs)        0008C
_ANSELAbits              (abs)        01F38
_ANSELBbits              (abs)        01F43
_ANSELC                  (abs)        01F4E
_ANSELDbits              (abs)        01F59
_LATDbits                (abs)        00019
_Lcd_Chr_CP              text33       01D1B
_Lcd_Cmd                 text35       01C82
_Lcd_Init                text34       01E66
_Lcd_Out2                text32       019B7
_OSCFRQbits              (abs)        00893
_PORTA                   (abs)        0000C
_PORTB                   (abs)        0000D
_PORTCbits               (abs)        0000E
_PORTD                   (abs)        0000F
_TRISAbits               (abs)        00011
_TRISBbits               (abs)        00012
_TRISCbits               (abs)        00013
_TRISDbits               (abs)        00014
__CFG_BOREN$ON           (abs)        00000
__CFG_BORV$LO            (abs)        00000
__CFG_CLKOUTEN$OFF       (abs)        00000
__CFG_CP$OFF             (abs)        00000
__CFG_CPD$OFF            (abs)        00000
__CFG_CSWEN$ON           (abs)        00000
__CFG_FCMEN$ON           (abs)        00000
__CFG_FEXTOSC$OFF        (abs)        00000
__CFG_LPBOREN$OFF        (abs)        00000
__CFG_LVP$ON             (abs)        00000
__CFG_MCLRE$ON           (abs)        00000
__CFG_PPS1WAY$ON         (abs)        00000
__CFG_PWRTE$ON           (abs)        00000
__CFG_RSTOSC$HFINT32     (abs)        00000
__CFG_SCANE$available    (abs)        00000
__CFG_STVREN$ON          (abs)        00000
__CFG_WDTCCS$SC          (abs)        00000
__CFG_WDTCPS$WDTCPS_31   (abs)        00000
__CFG_WDTCWS$WDTCWS_7    (abs)        00000
__CFG_WDTE$OFF           (abs)        00000
__CFG_WRT$OFF            (abs)        00000
__CFG_ZCD$OFF            (abs)        00000
__Habs1                  abs1         00000
__Hbank0                 bank0        00000
__Hbank1                 bank1        00000
__Hbank10                bank10       00000
__Hbank11                bank11       00000
__Hbank12                bank12       00000
__Hbank13                bank13       00000
__Hbank14                bank14       00000
__Hbank15                bank15       00000
__Hbank16                bank16       00000
__Hbank17                bank17       00000
__Hbank18                bank18       00000
__Hbank19                bank19       00000
__Hbank2                 bank2        00000
__Hbank20                bank20       00000
__Hbank21                bank21       00000
__Hbank22                bank22       00000
__Hbank23                bank23       00000
__Hbank24                bank24       00000
__Hbank25                bank25       00000
__Hbank26                bank26       00000
__Hbank27                bank27       00000
__Hbank28                bank28       00000
__Hbank29                bank29       00000
__Hbank3                 bank3        00000
__Hbank30                bank30       00000
__Hbank31                bank31       00000
__Hbank32                bank32       00000
__Hbank33                bank33       00000
__Hbank34                bank34       00000
__Hbank35                bank35       00000
__Hbank36                bank36       00000
__Hbank37                bank37       00000
__Hbank38                bank38       00000
__Hbank39                bank39       00000
__Hbank4                 bank4        00000
__Hbank40                bank40       00000
__Hbank41                bank41       00000
__Hbank42                bank42       00000
__Hbank43                bank43       00000
__Hbank44                bank44       00000
__Hbank45                bank45       00000
__Hbank46                bank46       00000
__Hbank47                bank47       00000
__Hbank48                bank48       00000
__Hbank49                bank49       00000
__Hbank5                 bank5        00000
__Hbank50                bank50       00000
__Hbank51                bank51       00000
__Hbank52                bank52       00000
__Hbank53                bank53       00000
__Hbank54                bank54       00000
__Hbank55                bank55       00000
__Hbank56                bank56       00000
__Hbank57                bank57       00000
__Hbank58                bank58       00000
__Hbank59                bank59       00000
__Hbank6                 bank6        00000
__Hbank60                bank60       00000
__Hbank61                bank61       00000
__Hbank62                bank62       00000
__Hbank63                bank63       00000
__Hbank7                 bank7        00000
__Hbank8                 bank8        00000
__Hbank9                 bank9        00000
__Hbigram                bigram       00000
__HbssBANK1              bssBANK1     00000
__HbssBANK2              bssBANK2     00000
__HbssBANK3              bssBANK3     00000
__HbssBANK4              bssBANK4     00000
__Hcinit                 cinit        00800
__Hclrtext               clrtext      00000
__Hcode                  code         00000
__Hcommon                common       00000
__Hconfig                config       0800C
__HcstackBANK0           cstackBANK0  00000
__HcstackBANK1           cstackBANK1  00000
__HcstackBANK2           cstackBANK2  00000
__HcstackCOMMON          cstackCOMMON 00000
__Heeprom_data           eeprom_data  00000
__Hend_init              end_init     00004
__Hfunctab               functab      00000
__Hidloc                 idloc        00000
__Hinit                  init         00002
__Hintentry              intentry     00002
__Hmaintext              maintext     00000
__Hpowerup               powerup      00000
__Hram                   ram          00000
__Hreset_vec             reset_vec    00002
__Hsfr0                  sfr0         00000
__Hsfr1                  sfr1         00000
__Hsfr10                 sfr10        00000
__Hsfr11                 sfr11        00000
__Hsfr12                 sfr12        00000
__Hsfr13                 sfr13        00000
__Hsfr14                 sfr14        00000
__Hsfr15                 sfr15        00000
__Hsfr16                 sfr16        00000
__Hsfr17                 sfr17        00000
__Hsfr18                 sfr18        00000
__Hsfr19                 sfr19        00000
__Hsfr2                  sfr2         00000
__Hsfr20                 sfr20        00000
__Hsfr21                 sfr21        00000
__Hsfr22                 sfr22        00000
__Hsfr23                 sfr23        00000
__Hsfr24                 sfr24        00000
__Hsfr25                 sfr25        00000
__Hsfr26                 sfr26        00000
__Hsfr27                 sfr27        00000
__Hsfr28                 sfr28        00000
__Hsfr29                 sfr29        00000
__Hsfr3                  sfr3         00000
__Hsfr30                 sfr30        00000
__Hsfr31                 sfr31        00000
__Hsfr32                 sfr32        00000
__Hsfr33                 sfr33        00000
__Hsfr34                 sfr34        00000
__Hsfr35                 sfr35        00000
__Hsfr36                 sfr36        00000
__Hsfr37                 sfr37        00000
__Hsfr38                 sfr38        00000
__Hsfr39                 sfr39        00000
__Hsfr4                  sfr4         00000
__Hsfr40                 sfr40        00000
__Hsfr41                 sfr41        00000
__Hsfr42                 sfr42        00000
__Hsfr43                 sfr43        00000
__Hsfr44                 sfr44        00000
__Hsfr45                 sfr45        00000
__Hsfr46                 sfr46        00000
__Hsfr47                 sfr47        00000
__Hsfr48                 sfr48        00000
__Hsfr49                 sfr49        00000
__Hsfr5                  sfr5         00000
__Hsfr50                 sfr50        00000
__Hsfr51                 sfr51        00000
__Hsfr52                 sfr52        00000
__Hsfr53                 sfr53        00000
__Hsfr54                 sfr54        00000
__Hsfr55                 sfr55        00000
__Hsfr56                 sfr56        00000
__Hsfr57                 sfr57        00000
__Hsfr58                 sfr58        00000
__Hsfr59                 sfr59        00000
__Hsfr6                  sfr6         00000
__Hsfr60                 sfr60        00000
__Hsfr61                 sfr61        00000
__Hsfr62                 sfr62        00000
__Hsfr63                 sfr63        00000
__Hsfr7                  sfr7         00000
__Hsfr8                  sfr8         00000
__Hsfr9                  sfr9         00000
__Hspace_0               (abs)        0800C
__Hspace_1               (abs)        00270
__Hspace_2               (abs)        00000
__Hspace_3               (abs)        00000
__Hstack                 stack        00000
__Hstrings               strings      00000
__Hstringtext1           stringtext1  00000
__Hstringtext10          stringtext10 00000
__Hstringtext2           stringtext2  00000
__Hstringtext3           stringtext3  00000
__Hstringtext4           stringtext4  00000
__Hstringtext5           stringtext5  00000
__Hstringtext6           stringtext6  00000
__Hstringtext7           stringtext7  00000
__Hstringtext8           stringtext8  00000
__Hstringtext9           stringtext9  00000
__Htext                  text         00000
__Labs1                  abs1         00000
__Lbank0                 bank0        00000
__Lbank1                 bank1        00000
__Lbank10                bank10       00000
__Lbank11                bank11       00000
__Lbank12                bank12       00000
__Lbank13                bank13       00000
__Lbank14                bank14       00000
__Lbank15                bank15       00000
__Lbank16                bank16       00000
__Lbank17                bank17       00000
__Lbank18                bank18       00000
__Lbank19                bank19       00000
__Lbank2                 bank2        00000
__Lbank20                bank20       00000
__Lbank21                bank21       00000
__Lbank22                bank22       00000
__Lbank23                bank23       00000
__Lbank24                bank24       00000
__Lbank25                bank25       00000
__Lbank26                bank26       00000
__Lbank27                bank27       00000
__Lbank28                bank28       00000
__Lbank29                bank29       00000
__Lbank3                 bank3        00000
__Lbank30                bank30       00000
__Lbank31                bank31       00000
__Lbank32                bank32       00000
__Lbank33                bank33       00000
__Lbank34                bank34       00000
__Lbank35                bank35       00000
__Lbank36                bank36       00000
__Lbank37                bank37       00000
__Lbank38                bank38       00000
__Lbank39                bank39       00000
__Lbank4                 bank4        00000
__Lbank40                bank40       00000
__Lbank41                bank41       00000
__Lbank42                bank42       00000
__Lbank43                bank43       00000
__Lbank44                bank44       00000
__Lbank45                bank45       00000
__Lbank46                bank46       00000
__Lbank47                bank47       00000
__Lbank48                bank48       00000
__Lbank49                bank49       00000
__Lbank5                 bank5        00000
__Lbank50                bank50       00000
__Lbank51                bank51       00000
__Lbank52                bank52       00000
__Lbank53                bank53       00000
__Lbank54                bank54       00000
__Lbank55                bank55       00000
__Lbank56                bank56       00000
__Lbank57                bank57       00000
__Lbank58                bank58       00000
__Lbank59                bank59       00000
__Lbank6                 bank6        00000
__Lbank60                bank60       00000
__Lbank61                bank61       00000
__Lbank62                bank62       00000
__Lbank63                bank63       00000
__Lbank7                 bank7        00000
__Lbank8                 bank8        00000
__Lbank9                 bank9        00000
__Lbigram                bigram       00000
__LbssBANK1              bssBANK1     00000
__LbssBANK2              bssBANK2     00000
__LbssBANK3              bssBANK3     00000
__LbssBANK4              bssBANK4     00000
__Lcinit                 cinit        007E5
__Lclrtext               clrtext      00000
__Lcode                  code         00000
__Lcommon                common       00000
__Lconfig                config       08007
__LcstackBANK0           cstackBANK0  00000
__LcstackBANK1           cstackBANK1  00000
__LcstackBANK2           cstackBANK2  00000
__LcstackCOMMON          cstackCOMMON 00000
__Leeprom_data           eeprom_data  00000
__Lend_init              end_init     00002
__Lfunctab               functab      00000
__Lidloc                 idloc        00000
__Linit                  init         00002
__Lintentry              intentry     00002
__Lmaintext              maintext     00000
__Lpowerup               powerup      00000
__Lram                   ram          00000
__Lreset_vec             reset_vec    00000
__Lsfr0                  sfr0         00000
__Lsfr1                  sfr1         00000
__Lsfr10                 sfr10        00000
__Lsfr11                 sfr11        00000
__Lsfr12                 sfr12        00000
__Lsfr13                 sfr13        00000
__Lsfr14                 sfr14        00000
__Lsfr15                 sfr15        00000
__Lsfr16                 sfr16        00000
__Lsfr17                 sfr17        00000
__Lsfr18                 sfr18        00000
__Lsfr19                 sfr19        00000
__Lsfr2                  sfr2         00000
__Lsfr20                 sfr20        00000
__Lsfr21                 sfr21        00000
__Lsfr22                 sfr22        00000
__Lsfr23                 sfr23        00000
__Lsfr24                 sfr24        00000
__Lsfr25                 sfr25        00000
__Lsfr26                 sfr26        00000
__Lsfr27                 sfr27        00000
__Lsfr28                 sfr28        00000
__Lsfr29                 sfr29        00000
__Lsfr3                  sfr3         00000
__Lsfr30                 sfr30        00000
__Lsfr31                 sfr31        00000
__Lsfr32                 sfr32        00000
__Lsfr33                 sfr33        00000
__Lsfr34                 sfr34        00000
__Lsfr35                 sfr35        00000
__Lsfr36                 sfr36        00000
__Lsfr37                 sfr37        00000
__Lsfr38                 sfr38        00000
__Lsfr39                 sfr39        00000
__Lsfr4                  sfr4         00000
__Lsfr40                 sfr40        00000
__Lsfr41                 sfr41        00000
__Lsfr42                 sfr42        00000
__Lsfr43                 sfr43        00000
__Lsfr44                 sfr44        00000
__Lsfr45                 sfr45        00000
__Lsfr46                 sfr46        00000
__Lsfr47                 sfr47        00000
__Lsfr48                 sfr48        00000
__Lsfr49                 sfr49        00000
__Lsfr5                  sfr5         00000
__Lsfr50                 sfr50        00000
__Lsfr51                 sfr51        00000
__Lsfr52                 sfr52        00000
__Lsfr53                 sfr53        00000
__Lsfr54                 sfr54        00000
__Lsfr55                 sfr55        00000
__Lsfr56                 sfr56        00000
__Lsfr57                 sfr57        00000
__Lsfr58                 sfr58        00000
__Lsfr59                 sfr59        00000
__Lsfr6                  sfr6         00000
__Lsfr60                 sfr60        00000
__Lsfr61                 sfr61        00000
__Lsfr62                 sfr62        00000
__Lsfr63                 sfr63        00000
__Lsfr7                  sfr7         00000
__Lsfr8                  sfr8         00000
__Lsfr9                  sfr9         00000
__Lspace_0               (abs)        00000
__Lspace_1               (abs)        00000
__Lspace_2               (abs)        00000
__Lspace_3               (abs)        00000
__Lstack                 stack        00000
__Lstrings               strings      00000
__Lstringtext1           stringtext1  00000
__Lstringtext10          stringtext10 00000
__Lstringtext2           stringtext2  00000
__Lstringtext3           stringtext3  00000
__Lstringtext4           stringtext4  00000
__Lstringtext5           stringtext5  00000
__Lstringtext6           stringtext6  00000
__Lstringtext7           stringtext7  00000
__Lstringtext8           stringtext8  00000
__Lstringtext9           stringtext9  00000
__Ltext                  text         00000
__S0                     (abs)        0800C
__S1                     (abs)        00270
__S2                     (abs)        00000
__S3                     (abs)        00000
__Umul8_16               text21       018C5
__Umul8_16@multiplicand  cstackCOMMON 00070
__Umul8_16@multiplier    cstackCOMMON 00078
__Umul8_16@product       cstackCOMMON 00074
__Umul8_16@word_mpld     cstackCOMMON 00076
___awdiv                 text26       01B1B
___awdiv@counter         cstackCOMMON 00075
___awdiv@dividend        cstackCOMMON 00072
___awdiv@divisor         cstackCOMMON 00070
___awdiv@quotient        cstackCOMMON 00077
___awdiv@sign            cstackCOMMON 00076
___awmod                 text25       01A61
___awmod@counter         cstackCOMMON 00075
___awmod@dividend        cstackCOMMON 00072
___awmod@divisor         cstackCOMMON 00070
___awmod@sign            cstackCOMMON 00076
___fladd                 text18       0158E
___fladd@a               cstackCOMMON 00078
___fladd@aexp            cstackBANK0  0002D
___fladd@b               cstackCOMMON 00074
___fladd@bexp            cstackBANK0  0002E
___fladd@grs             cstackBANK0  0002F
___fladd@signs           cstackBANK0  0002C
___fldiv                 text24       01144
___fldiv@a               cstackBANK0  0003A
___fldiv@aexp            cstackBANK0  00053
___fldiv@b               cstackBANK0  0003E
___fldiv@bexp            cstackBANK0  00052
___fldiv@grs             cstackBANK0  0004E
___fldiv@new_exp         cstackBANK0  0004C
___fldiv@rem             cstackBANK0  00047
___fldiv@sign            cstackBANK0  0004B
___fleq                  text23       01005
___fleq@ff1              cstackCOMMON 00070
___fleq@ff2              cstackCOMMON 00074
___flge                  text22       01DB8
___flge@ff1              cstackBANK0  0003A
___flge@ff2              cstackBANK0  0003E
___flmul                 text20       01323
___flmul@a               cstackBANK0  00024
___flmul@aexp            cstackBANK0  00032
___flmul@b               cstackBANK0  00020
___flmul@bexp            cstackBANK0  00033
___flmul@grs             cstackBANK0  0002E
___flmul@prod            cstackBANK0  00034
___flmul@sign            cstackBANK0  0002D
___flmul@temp            cstackBANK0  00038
___flneg                 text19       00007
___flneg@f1              cstackCOMMON 00070
___flsub                 text17       0183B
___flsub@a               cstackBANK0  0003A
___flsub@b               cstackBANK0  0003E
___fltol                 text16       01BEE
___fltol@exp1            cstackCOMMON 0007A
___fltol@f1              cstackCOMMON 00070
___fltol@sign1           cstackCOMMON 00079
___fpclassifyf           text15       00014
___fpclassifyf@F453      bssBANK2     00166
___fpclassifyf@e         cstackBANK0  00020
___fpclassifyf@u         cstackBANK0  00022
___fpclassifyf@x         cstackCOMMON 00070
___int_sp                stack        00000
___latbits               (abs)        00004
___sp                    stack        00000
___wmul                  text30       0185C
___wmul@multiplicand     cstackCOMMON 00072
___wmul@multiplier       cstackCOMMON 00070
___wmul@product          cstackCOMMON 00074
___xxtofl                text31       0082F
___xxtofl@arg            cstackCOMMON 0007A
___xxtofl@exp            cstackCOMMON 00079
___xxtofl@sign           cstackCOMMON 00078
___xxtofl@val            cstackCOMMON 00070
__end_of_Lcd_Chr_CP      text33       01DB8
__end_of_Lcd_Cmd         text35       01D1B
__end_of_Lcd_Init        text34       01F16
__end_of_Lcd_Out2        text32       01A06
__end_of__Umul8_16       text21       018EB
__end_of___awdiv         text26       01B84
__end_of___awmod         text25       01ABE
__end_of___fladd         text18       01800
__end_of___fldiv         text24       01323
__end_of___fleq          text23       01055
__end_of___flge          text22       01E66
__end_of___flmul         text20       0158E
__end_of___flneg         text19       00014
__end_of___flsub         text17       0185C
__end_of___fltol         text16       01C82
__end_of___fpclassifyf   text15       00097
__end_of___wmul          text30       0187E
__end_of___xxtofl        text31       008E3
__end_of__initialization cinit        007FD
__end_of_atoi            text27       02000
__end_of_efgtoa          text5        007E5
__end_of_floorf          text14       01144
__end_of_fputc           text12       01A61
__end_of_fputs           text11       0082F
__end_of_isdigit         text29       01822
__end_of_isspace         text28       018A1
__end_of_isupper         text7        0183B
__end_of_main            maintext     00C16
__end_of_pad             text9        01B1B
__end_of_putch           text13       00007
__end_of_sprintf         text1        0197E
__end_of_strcpy          text8        018C5
__end_of_strlen          text10       01915
__end_of_strncmp         text4        01BEE
__end_of_tolower         text6        01948
__end_of_vfpfcnvrt       text3        01000
__end_of_vfprintf        text2        019B7
__initialization         cinit        007E5
__pbssBANK1              bssBANK1     000EE
__pbssBANK2              bssBANK2     00166
__pbssBANK3              bssBANK3     001A0
__pbssBANK4              bssBANK4     00220
__pcstackBANK0           cstackBANK0  00020
__pcstackBANK1           cstackBANK1  000A0
__pcstackBANK2           cstackBANK2  00120
__pcstackCOMMON          cstackCOMMON 00070
__pmaintext              maintext     008E3
__pstringtext1           stringtext1  02000
__pstringtext10          stringtext10 00000
__pstringtext2           stringtext2  0200C
__pstringtext3           stringtext3  02016
__pstringtext4           stringtext4  0201A
__pstringtext5           stringtext5  0201E
__pstringtext6           stringtext6  02022
__pstringtext7           stringtext7  02026
__pstringtext8           stringtext8  0202A
__pstringtext9           stringtext9  0202E
__ptext1                 text1        01948
__ptext10                text10       018EB
__ptext11                text11       00804
__ptext12                text12       01A06
__ptext13                text13       00006
__ptext14                text14       01055
__ptext15                text15       00014
__ptext16                text16       01BEE
__ptext17                text17       0183B
__ptext18                text18       0158E
__ptext19                text19       00007
__ptext2                 text2        0197E
__ptext20                text20       01323
__ptext21                text21       018C5
__ptext22                text22       01DB8
__ptext23                text23       01005
__ptext24                text24       01144
__ptext25                text25       01A61
__ptext26                text26       01B1B
__ptext27                text27       01F16
__ptext28                text28       0187E
__ptext29                text29       01809
__ptext3                 text3        00C16
__ptext30                text30       0185C
__ptext31                text31       0082F
__ptext32                text32       019B7
__ptext33                text33       01D1B
__ptext34                text34       01E66
__ptext35                text35       01C82
__ptext4                 text4        01B84
__ptext5                 text5        00097
__ptext6                 text6        01915
__ptext7                 text7        01822
__ptext8                 text8        018A1
__ptext9                 text9        01ABE
__size_of_Lcd_Chr_CP     (abs)        00000
__size_of_Lcd_Cmd        (abs)        00000
__size_of_Lcd_Init       (abs)        00000
__size_of_Lcd_Out2       (abs)        00000
__size_of__Umul8_16      (abs)        00000
__size_of___awdiv        (abs)        00000
__size_of___awmod        (abs)        00000
__size_of___fladd        (abs)        00000
__size_of___fldiv        (abs)        00000
__size_of___fleq         (abs)        00000
__size_of___flge         (abs)        00000
__size_of___flmul        (abs)        00000
__size_of___flneg        (abs)        00000
__size_of___flsub        (abs)        00000
__size_of___fltol        (abs)        00000
__size_of___fpclassifyf  (abs)        00000
__size_of___wmul         (abs)        00000
__size_of___xxtofl       (abs)        00000
__size_of_atoi           (abs)        00000
__size_of_efgtoa         (abs)        00000
__size_of_floorf         (abs)        00000
__size_of_fputc          (abs)        00000
__size_of_fputs          (abs)        00000
__size_of_isdigit        (abs)        00000
__size_of_isspace        (abs)        00000
__size_of_isupper        (abs)        00000
__size_of_main           (abs)        00000
__size_of_pad            (abs)        00000
__size_of_putch          (abs)        00000
__size_of_sprintf        (abs)        00000
__size_of_strcpy         (abs)        00000
__size_of_strlen         (abs)        00000
__size_of_strncmp        (abs)        00000
__size_of_tolower        (abs)        00000
__size_of_vfpfcnvrt      (abs)        00000
__size_of_vfprintf       (abs)        00000
_atoi                    text27       01F16
_atoi$1019               cstackBANK0  00022
_atoi$1020               cstackBANK0  00026
_atoi$1021               cstackBANK0  00024
_dbuf                    bssBANK4     00220
_efgtoa                  text5        00097
_efgtoa$684              cstackBANK1  000A8
_efgtoa$685              cstackBANK1  000AA
_efgtoa$690              cstackBANK1  000AC
_efgtoa$694              cstackBANK1  000AE
_efgtoa$695              cstackBANK1  000B0
_efgtoa$696              cstackBANK1  000B2
_flags                   bssBANK1     000EE
_floorf                  text14       01055
_fputc                   text12       01A06
_fputs                   text11       00804
_isdigit                 text29       01809
_isspace                 text28       0187E
_isspace$1050            cstackCOMMON 00074
_isupper                 text7        01822
_main                    maintext     008E3
_nout                    bssBANK2     0016A
_pad                     text9        01ABE
_prec                    bssBANK2     0016E
_putch                   text13       00006
_sprintf                 text1        01948
_strcpy                  text8        018A1
_strlen                  text10       018EB
_strncmp                 text4        01B84
_tolower                 text6        01915
_tolower$1135            cstackCOMMON 0007C
_vfpfcnvrt               text3        00C16
_vfpfcnvrt$710           cstackBANK2  00122
_vfpfcnvrt$711           cstackBANK2  00124
_vfpfcnvrt$715           cstackBANK2  00126
_vfprintf                text2        0197E
_width                   bssBANK2     0016C
atoi@n                   cstackBANK0  00027
atoi@neg                 cstackBANK0  00020
atoi@s                   cstackCOMMON 00076
btemp                    (abs)        0007E
clear_ram0               clrtext      01803
efgtoa@c                 cstackBANK0  0006C
efgtoa@d                 cstackBANK1  000BC
efgtoa@e                 cstackBANK1  000D5
efgtoa@f                 cstackBANK0  00068
efgtoa@fp                cstackBANK1  000C0
efgtoa@g                 cstackBANK1  000D1
efgtoa@h                 cstackBANK1  000C7
efgtoa@i                 cstackBANK1  000CF
efgtoa@l                 cstackBANK1  000CB
efgtoa@m                 cstackBANK1  000B8
efgtoa@mode              cstackBANK1  000C6
efgtoa@n                 cstackBANK1  000D7
efgtoa@ne                cstackBANK1  000BA
efgtoa@nmode             cstackBANK1  000C3
efgtoa@ou                cstackBANK1  000A4
efgtoa@p                 cstackBANK1  000C1
efgtoa@pp                cstackBANK1  000B6
efgtoa@sign              cstackBANK1  000BE
efgtoa@t                 cstackBANK1  000B4
efgtoa@u                 cstackBANK1  000D9
efgtoa@w                 cstackBANK1  000C4
end_of_initialization    cinit        007FD
floorf@F514              bssBANK3     001A0
floorf@e                 cstackBANK0  00062
floorf@m                 cstackBANK0  0005E
floorf@u                 cstackBANK0  00064
floorf@x                 cstackBANK0  00054
fputc@c                  cstackCOMMON 00070
fputc@fp                 cstackCOMMON 00072
fputs@c                  cstackBANK0  00020
fputs@fp                 cstackCOMMON 00078
fputs@i                  cstackBANK0  00021
fputs@s                  cstackBANK0  00023
intlevel0                functab      00000
intlevel1                functab      00000
intlevel2                functab      00000
intlevel3                functab      00000
intlevel4                functab      00000
intlevel5                functab      00000
isdigit@c                cstackCOMMON 00070
isspace@c                cstackCOMMON 00070
isupper@c                cstackCOMMON 00070
main@adc1                cstackBANK2  0015E
main@adc2                cstackBANK2  00160
main@adc3                cstackBANK2  00140
main@buffer1             cstackBANK2  00142
main@ref                 cstackBANK2  00162
main@sensor              cstackBANK2  0015A
main@volt1               cstackBANK2  00156
main@x                   cstackBANK2  00152
pad@buf                  cstackBANK0  00024
pad@fp                   cstackBANK0  0002B
pad@i                    cstackBANK0  00027
pad@p                    cstackBANK0  00025
pad@w                    cstackBANK0  00029
reset_vec                reset_vec    00000
sprintf@ap               cstackBANK2  0013A
sprintf@f                cstackBANK2  0013B
sprintf@fmt              cstackBANK2  00131
sprintf@ret              cstackBANK2  00137
sprintf@s                cstackBANK2  00139
stackhi                  (abs)        02FEF
stacklo                  (abs)        02190
start                    init         00002
start_initialization     cinit        007E5
strcpy@d                 cstackCOMMON 00076
strcpy@dest              cstackCOMMON 00077
strcpy@s                 cstackCOMMON 00074
strcpy@src               cstackCOMMON 00070
strlen@a                 cstackCOMMON 00076
strlen@s                 cstackCOMMON 00077
strncmp@_l               cstackCOMMON 00076
strncmp@_r               cstackCOMMON 00070
strncmp@l                cstackCOMMON 00079
strncmp@n                cstackCOMMON 00072
strncmp@r                cstackCOMMON 00077
tolower@c                cstackCOMMON 00076
vfpfcnvrt@ap             cstackBANK0  0006E
vfpfcnvrt@c              cstackBANK2  0012F
vfpfcnvrt@ct             cstackBANK2  0012C
vfpfcnvrt@done           cstackBANK2  00120
vfpfcnvrt@f              cstackBANK2  00128
vfpfcnvrt@fmt            cstackBANK0  0006D
vfpfcnvrt@fp             cstackBANK2  00130
vfprintf@ap              cstackBANK1  000E5
vfprintf@cfmt            cstackBANK1  000E9
vfprintf@fmt             cstackBANK1  000E3
vfprintf@fp              cstackBANK1  000E8
wtemp0                   (abs)        0007E


FUNCTION INFORMATION:

 *************** function _main *****************
 Defined at:
		line 13 in file "main.c"
 Parameters:    Size  Location     Type
		None
 Auto vars:     Size  Location     Type
  buffer1        16   34[BANK2 ] unsigned char [16]
  ref             4   66[BANK2 ] unsigned char [16]
  sensor          4   58[BANK2 ] float 
  volt1           4   54[BANK2 ] float 
  x               4   50[BANK2 ] float 
  mayor           4    0        float 
  menor           4    0        float 
  tol             4    0        float 
  z               4    0        float 
  y               4    0        float 
  hister          4    0        float 
  volt2           4    0        float 
  adc2            2   64[BANK2 ] int 
  adc1            2   62[BANK2 ] int 
  adc3            2   32[BANK2 ] int 
 Return value:  Size  Location     Type
                  1    wreg      void 
 Registers used:
		wreg, fsr0l, fsr0h, fsr1l, fsr1h, status,2, status,0, pclath, cstack
 Tracked objects:
		On entry : 
		On exit  : 
		Unchanged: 
 Data sizes:     COMMON   BANK0   BANK1   BANK2   BANK3   BANK4   BANK5   BANK6   BANK7   BANK8   BANK9  BANK10  BANK11  BANK12  BANK13  BANK14  BANK15  BANK16  BANK17  BANK18  BANK19  BANK20  BANK21  BANK22  BANK23  BANK24  BANK25  BANK26  BANK27  BANK28  BANK29  BANK30  BANK31  BANK32  BANK33  BANK34  BANK35  BANK36  BANK37  BANK38  BANK39  BANK40  BANK41  BANK42  BANK43  BANK44  BANK45  BANK46  BANK47  BANK48  BANK49  BANK50
      Params:         0       0       0       0       0       0       0       0       0       0       0       0       0       0       0       0       0       0       0       0       0       0       0       0       0       0       0       0       0       0       0       0       0       0       0       0       0       0       0       0       0       0       0       0       0       0       0       0       0       0       0       0
      Locals:         0       0       0      38       0       0       0       0       0       0       0       0       0       0       0       0       0       0       0       0       0       0       0       0       0       0       0       0       0       0       0       0       0       0       0       0       0       0       0       0       0       0       0       0       0       0       0       0       0       0       0       0
      Temps:          0       0       3       0       0       0       0       0       0       0       0       0       0       0       0       0       0       0       0       0       0       0       0       0       0       0       0       0       0       0       0       0       0       0       0       0       0       0       0       0       0       0       0       0       0       0       0       0       0       0       0       0
      Totals:         0       0       3      38       0       0       0       0       0       0       0       0       0       0       0       0       0       0       0       0       0       0       0       0       0       0       0       0       0       0       0       0       0       0       0       0       0       0       0       0       0       0       0       0       0       0       0       0       0       0       0       0
Total ram usage:       41 bytes
 Hardware stack levels required when called:    8
 This function calls:
		_Lcd_Cmd
		_Lcd_Init
		_Lcd_Out2
		___fladd
		___fldiv
		___flge
		___flmul
		___flneg
		___xxtofl
		_sprintf
 This function is called by:
		Startup code after reset
 This function uses a non-reentrant model


 *************** function _sprintf *****************
 Defined at:
		line 9 in file "C:\Program Files (x86)\Microchip\xc8\v2.00\pic\sources\c99\common\nf_sprintf.c"
 Parameters:    Size  Location     Type
  s               1    wreg     PTR unsigned char 
		 -> main@buffer1(16), 
  fmt             2   17[BANK2 ] PTR const unsigned char 
		 -> STR_4(4), STR_3(4), STR_2(12), STR_1(10), 
 Auto vars:     Size  Location     Type
  s               1   25[BANK2 ] PTR unsigned char 
		 -> main@buffer1(16), 
  f               5   27[BANK2 ] struct _IO_FILE
  ret             2   23[BANK2 ] int 
  ap              1   26[BANK2 ] PTR void [1]
		 -> ?_sprintf(2), 
 Return value:  Size  Location     Type
                  2   17[BANK2 ] int 
 Registers used:
		wreg, fsr0l, fsr0h, fsr1l, fsr1h, status,2, status,0, pclath, cstack
 Tracked objects:
		On entry : 
		On exit  : 
		Unchanged: 
 Data sizes:     COMMON   BANK0   BANK1   BANK2   BANK3   BANK4   BANK5   BANK6   BANK7   BANK8   BANK9  BANK10  BANK11  BANK12  BANK13  BANK14  BANK15  BANK16  BANK17  BANK18  BANK19  BANK20  BANK21  BANK22  BANK23  BANK24  BANK25  BANK26  BANK27  BANK28  BANK29  BANK30  BANK31  BANK32  BANK33  BANK34  BANK35  BANK36  BANK37  BANK38  BANK39  BANK40  BANK41  BANK42  BANK43  BANK44  BANK45  BANK46  BANK47  BANK48  BANK49  BANK50
      Params:         0       0       0       6       0       0       0       0       0       0       0       0       0       0       0       0       0       0       0       0       0       0       0       0       0       0       0       0       0       0       0       0       0       0       0       0       0       0       0       0       0       0       0       0       0       0       0       0       0       0       0       0
      Locals:         0       0       0       9       0       0       0       0       0       0       0       0       0       0       0       0       0       0       0       0       0       0       0       0       0       0       0       0       0       0       0       0       0       0       0       0       0       0       0       0       0       0       0       0       0       0       0       0       0       0       0       0
      Temps:          0       1       0       0       0       0       0       0       0       0       0       0       0       0       0       0       0       0       0       0       0       0       0       0       0       0       0       0       0       0       0       0       0       0       0       0       0       0       0       0       0       0       0       0       0       0       0       0       0       0       0       0
      Totals:         0       1       0      15       0       0       0       0       0       0       0       0       0       0       0       0       0       0       0       0       0       0       0       0       0       0       0       0       0       0       0       0       0       0       0       0       0       0       0       0       0       0       0       0       0       0       0       0       0       0       0       0
Total ram usage:       16 bytes
 Hardware stack levels used:    1
 Hardware stack levels required when called:    7
 This function calls:
		_vfprintf
 This function is called by:
		_main
 This function uses a non-reentrant model


 *************** function _vfprintf *****************
 Defined at:
		line 1368 in file "C:\Program Files (x86)\Microchip\xc8\v2.00\pic\sources\c99\common\doprnt.c"
 Parameters:    Size  Location     Type
  fp              1    wreg     PTR struct _IO_FILE
		 -> sprintf@f(5), 
  fmt             2   67[BANK1 ] PTR const unsigned char 
		 -> STR_4(4), STR_3(4), STR_2(12), STR_1(10), 
  ap              1   69[BANK1 ] PTR PTR void 
		 -> sprintf@ap(1), 
 Auto vars:     Size  Location     Type
  fp              1   72[BANK1 ] PTR struct _IO_FILE
		 -> sprintf@f(5), 
  cfmt            2   73[BANK1 ] PTR unsigned char 
		 -> STR_4(4), STR_3(4), STR_2(12), STR_1(10), 
 Return value:  Size  Location     Type
                  2   67[BANK1 ] int 
 Registers used:
		wreg, fsr0l, fsr0h, fsr1l, fsr1h, status,2, status,0, pclath, cstack
 Tracked objects:
		On entry : 
		On exit  : 
		Unchanged: 
 Data sizes:     COMMON   BANK0   BANK1   BANK2   BANK3   BANK4   BANK5   BANK6   BANK7   BANK8   BANK9  BANK10  BANK11  BANK12  BANK13  BANK14  BANK15  BANK16  BANK17  BANK18  BANK19  BANK20  BANK21  BANK22  BANK23  BANK24  BANK25  BANK26  BANK27  BANK28  BANK29  BANK30  BANK31  BANK32  BANK33  BANK34  BANK35  BANK36  BANK37  BANK38  BANK39  BANK40  BANK41  BANK42  BANK43  BANK44  BANK45  BANK46  BANK47  BANK48  BANK49  BANK50
      Params:         0       0       3       0       0       0       0       0       0       0       0       0       0       0       0       0       0       0       0       0       0       0       0       0       0       0       0       0       0       0       0       0       0       0       0       0       0       0       0       0       0       0       0       0       0       0       0       0       0       0       0       0
      Locals:         0       0       3       0       0       0       0       0       0       0       0       0       0       0       0       0       0       0       0       0       0       0       0       0       0       0       0       0       0       0       0       0       0       0       0       0       0       0       0       0       0       0       0       0       0       0       0       0       0       0       0       0
      Temps:          0       0       2       0       0       0       0       0       0       0       0       0       0       0       0       0       0       0       0       0       0       0       0       0       0       0       0       0       0       0       0       0       0       0       0       0       0       0       0       0       0       0       0       0       0       0       0       0       0       0       0       0
      Totals:         0       0       8       0       0       0       0       0       0       0       0       0       0       0       0       0       0       0       0       0       0       0       0       0       0       0       0       0       0       0       0       0       0       0       0       0       0       0       0       0       0       0       0       0       0       0       0       0       0       0       0       0
Total ram usage:        8 bytes
 Hardware stack levels used:    1
 Hardware stack levels required when called:    6
 This function calls:
		_vfpfcnvrt
 This function is called by:
		_sprintf
 This function uses a non-reentrant model


 *************** function _vfpfcnvrt *****************
 Defined at:
		line 670 in file "C:\Program Files (x86)\Microchip\xc8\v2.00\pic\sources\c99\common\doprnt.c"
[...]
      Locals:         6       0       0       0       0       0       0       0       0       0       0       0       0       0       0       0       0       0       0       0       0       0       0       0       0       0       0       0       0       0       0       0       0       0       0       0       0       0       0       0       0       0       0       0       0       0       0       0       0       0       0       0
      Temps:          4       0       0       0       0       0       0       0       0       0       0       0       0       0       0       0       0       0       0       0       0       0       0       0       0       0       0       0       0       0       0       0       0       0       0       0       0       0       0       0       0       0       0       0       0       0       0       0       0       0       0       0
      Totals:        14       0       0       0       0       0       0       0       0       0       0       0       0       0       0       0       0       0       0       0       0       0       0       0       0       0       0       0       0       0       0       0       0       0       0       0       0       0       0       0       0       0       0       0       0       0       0       0       0       0       0       0
Total ram usage:       14 bytes
 Hardware stack levels used:    1
 This function calls:
		Nothing
 This function is called by:
		_main
 This function uses a non-reentrant model


 *************** function _Lcd_Out2 *****************
 Defined at:
		line 115 in file "./flex_lcd.h"
 Parameters:    Size  Location     Type
  y               1    wreg     unsigned char 
  x               1    3[COMMON] unsigned char 
  buffer          1    4[COMMON] PTR unsigned char 
		 -> main@buffer1(16), 
 Auto vars:     Size  Location     Type
  y               1    7[COMMON] unsigned char 
  data            1    8[COMMON] unsigned char 
 Return value:  Size  Location     Type
                  1    wreg      void 
 Registers used:
		wreg, fsr0l, fsr0h, fsr1l, fsr1h, status,2, status,0, pclath, cstack
 Tracked objects:
		On entry : 
		On exit  : 
		Unchanged: 
 Data sizes:     COMMON   BANK0   BANK1   BANK2   BANK3   BANK4   BANK5   BANK6   BANK7   BANK8   BANK9  BANK10  BANK11  BANK12  BANK13  BANK14  BANK15  BANK16  BANK17  BANK18  BANK19  BANK20  BANK21  BANK22  BANK23  BANK24  BANK25  BANK26  BANK27  BANK28  BANK29  BANK30  BANK31  BANK32  BANK33  BANK34  BANK35  BANK36  BANK37  BANK38  BANK39  BANK40  BANK41  BANK42  BANK43  BANK44  BANK45  BANK46  BANK47  BANK48  BANK49  BANK50
      Params:         2       0       0       0       0       0       0       0       0       0       0       0       0       0       0       0       0       0       0       0       0       0       0       0       0       0       0       0       0       0       0       0       0       0       0       0       0       0       0       0       0       0       0       0       0       0       0       0       0       0       0       0
      Locals:         2       0       0       0       0       0       0       0       0       0       0       0       0       0       0       0       0       0       0       0       0       0       0       0       0       0       0       0       0       0       0       0       0       0       0       0       0       0       0       0       0       0       0       0       0       0       0       0       0       0       0       0
      Temps:          2       0       0       0       0       0       0       0       0       0       0       0       0       0       0       0       0       0       0       0       0       0       0       0       0       0       0       0       0       0       0       0       0       0       0       0       0       0       0       0       0       0       0       0       0       0       0       0       0       0       0       0
      Totals:         6       0       0       0       0       0       0       0       0       0       0       0       0       0       0       0       0       0       0       0       0       0       0       0       0       0       0       0       0       0       0       0       0       0       0       0       0       0       0       0       0       0       0       0       0       0       0       0       0       0       0       0
Total ram usage:        6 bytes
 Hardware stack levels used:    1
 Hardware stack levels required when called:    1
 This function calls:
		_Lcd_Chr_CP
		_Lcd_Cmd
 This function is called by:
		_main
 This function uses a non-reentrant model


 *************** function _Lcd_Chr_CP *****************
 Defined at:
		line 136 in file "./flex_lcd.h"
 Parameters:    Size  Location     Type
  data            1    wreg     unsigned char 
 Auto vars:     Size  Location     Type
  data            1    2[COMMON] unsigned char 
 Return value:  Size  Location     Type
                  1    wreg      void 
 Registers used:
		wreg, status,2, status,0
 Tracked objects:
		On entry : 
		On exit  : 
		Unchanged: 
 Data sizes:     COMMON   BANK0   BANK1   BANK2   BANK3   BANK4   BANK5   BANK6   BANK7   BANK8   BANK9  BANK10  BANK11  BANK12  BANK13  BANK14  BANK15  BANK16  BANK17  BANK18  BANK19  BANK20  BANK21  BANK22  BANK23  BANK24  BANK25  BANK26  BANK27  BANK28  BANK29  BANK30  BANK31  BANK32  BANK33  BANK34  BANK35  BANK36  BANK37  BANK38  BANK39  BANK40  BANK41  BANK42  BANK43  BANK44  BANK45  BANK46  BANK47  BANK48  BANK49  BANK50
      Params:         0       0       0       0       0       0       0       0       0       0       0       0       0       0       0       0       0       0       0       0       0       0       0       0       0       0       0       0       0       0       0       0       0       0       0       0       0       0       0       0       0       0       0       0       0       0       0       0       0       0       0       0
      Locals:         1       0       0       0       0       0       0       0       0       0       0       0       0       0       0       0       0       0       0       0       0       0       0       0       0       0       0       0       0       0       0       0       0       0       0       0       0       0       0       0       0       0       0       0       0       0       0       0       0       0       0       0
      Temps:          2       0       0       0       0       0       0       0       0       0       0       0       0       0       0       0       0       0       0       0       0       0       0       0       0       0       0       0       0       0       0       0       0       0       0       0       0       0       0       0       0       0       0       0       0       0       0       0       0       0       0       0
      Totals:         3       0       0       0       0       0       0       0       0       0       0       0       0       0       0       0       0       0       0       0       0       0       0       0       0       0       0       0       0       0       0       0       0       0       0       0       0       0       0       0       0       0       0       0       0       0       0       0       0       0       0       0
Total ram usage:        3 bytes
 Hardware stack levels used:    1
 This function calls:
		Nothing
 This function is called by:
		_Lcd_Out2
		_Lcd_Out
 This function uses a non-reentrant model


 *************** function _Lcd_Init *****************
 Defined at:
		line 52 in file "./flex_lcd.h"
 Parameters:    Size  Location     Type
		None
 Auto vars:     Size  Location     Type
  data            1    4[COMMON] unsigned char 
 Return value:  Size  Location     Type
                  1    wreg      void 
 Registers used:
		wreg, status,2, status,0, pclath, cstack
 Tracked objects:
		On entry : 
		On exit  : 
		Unchanged: 
 Data sizes:     COMMON   BANK0   BANK1   BANK2   BANK3   BANK4   BANK5   BANK6   BANK7   BANK8   BANK9  BANK10  BANK11  BANK12  BANK13  BANK14  BANK15  BANK16  BANK17  BANK18  BANK19  BANK20  BANK21  BANK22  BANK23  BANK24  BANK25  BANK26  BANK27  BANK28  BANK29  BANK30  BANK31  BANK32  BANK33  BANK34  BANK35  BANK36  BANK37  BANK38  BANK39  BANK40  BANK41  BANK42  BANK43  BANK44  BANK45  BANK46  BANK47  BANK48  BANK49  BANK50
      Params:         0       0       0       0       0       0       0       0       0       0       0       0       0       0       0       0       0       0       0       0       0       0       0       0       0       0       0       0       0       0       0       0       0       0       0       0       0       0       0       0       0       0       0       0       0       0       0       0       0       0       0       0
      Locals:         1       0       0       0       0       0       0       0       0       0       0       0       0       0       0       0       0       0       0       0       0       0       0       0       0       0       0       0       0       0       0       0       0       0       0       0       0       0       0       0       0       0       0       0       0       0       0       0       0       0       0       0
      Temps:          1       0       0       0       0       0       0       0       0       0       0       0       0       0       0       0       0       0       0       0       0       0       0       0       0       0       0       0       0       0       0       0       0       0       0       0       0       0       0       0       0       0       0       0       0       0       0       0       0       0       0       0
      Totals:         2       0       0       0       0       0       0       0       0       0       0       0       0       0       0       0       0       0       0       0       0       0       0       0       0       0       0       0       0       0       0       0       0       0       0       0       0       0       0       0       0       0       0       0       0       0       0       0       0       0       0       0
Total ram usage:        2 bytes
 Hardware stack levels used:    1
 Hardware stack levels required when called:    1
 This function calls:
		_Lcd_Cmd
 This function is called by:
		_main
 This function uses a non-reentrant model


 *************** function _Lcd_Cmd *****************
 Defined at:
		line 150 in file "./flex_lcd.h"
 Parameters:    Size  Location     Type
  data            1    wreg     unsigned char 
 Auto vars:     Size  Location     Type
  data            1    2[COMMON] unsigned char 
 Return value:  Size  Location     Type
                  1    wreg      void 
 Registers used:
		wreg, status,2, status,0
 Tracked objects:
		On entry : 
		On exit  : 
		Unchanged: 
 Data sizes:     COMMON   BANK0   BANK1   BANK2   BANK3   BANK4   BANK5   BANK6   BANK7   BANK8   BANK9  BANK10  BANK11  BANK12  BANK13  BANK14  BANK15  BANK16  BANK17  BANK18  BANK19  BANK20  BANK21  BANK22  BANK23  BANK24  BANK25  BANK26  BANK27  BANK28  BANK29  BANK30  BANK31  BANK32  BANK33  BANK34  BANK35  BANK36  BANK37  BANK38  BANK39  BANK40  BANK41  BANK42  BANK43  BANK44  BANK45  BANK46  BANK47  BANK48  BANK49  BANK50
      Params:         0       0       0       0       0       0       0       0       0       0       0       0       0       0       0       0       0       0       0       0       0       0       0       0       0       0       0       0       0       0       0       0       0       0       0       0       0       0       0       0       0       0       0       0       0       0       0       0       0       0       0       0
      Locals:         1       0       0       0       0       0       0       0       0       0       0       0       0       0       0       0       0       0       0       0       0       0       0       0       0       0       0       0       0       0       0       0       0       0       0       0       0       0       0       0       0       0       0       0       0       0       0       0       0       0       0       0
      Temps:          2       0       0       0       0       0       0       0       0       0       0       0       0       0       0       0       0       0       0       0       0       0       0       0       0       0       0       0       0       0       0       0       0       0       0       0       0       0       0       0       0       0       0       0       0       0       0       0       0       0       0       0
      Totals:         3       0       0       0       0       0       0       0       0       0       0       0       0       0       0       0       0       0       0       0       0       0       0       0       0       0       0       0       0       0       0       0       0       0       0       0       0       0       0       0       0       0       0       0       0       0       0       0       0       0       0       0
Total ram usage:        3 bytes
 Hardware stack levels used:    1
 This function calls:
		Nothing
 This function is called by:
		_Lcd_Init
		_Lcd_Out2
		_main
		_Lcd_Out
 This function uses a non-reentrant model



MODULE INFORMATION

Module		Function		Class		Link	Load	Size
C:\Program Files (x86)\Microchip\xc8\v2.00\pic\sources\c99\common\isspace.c
		_isspace       		CODE           	187E	0000	36

C:\Program Files (x86)\Microchip\xc8\v2.00\pic\sources\c99\common\isspace.c estimated size: 36

C:\Program Files (x86)\Microchip\xc8\v2.00\pic\sources\c99\common\strncmp.c
		_strncmp       		CODE           	1B84	0000	107

C:\Program Files (x86)\Microchip\xc8\v2.00\pic\sources\c99\common\strncmp.c estimated size: 107

C:\Program Files (x86)\Microchip\xc8\v2.00\pic\sources\c99\common\tolower.c
		_tolower       		CODE           	1915	0000	52

C:\Program Files (x86)\Microchip\xc8\v2.00\pic\sources\c99\common\tolower.c estimated size: 52

C:\Program Files (x86)\Microchip\xc8\v2.00\pic\sources\c99\common\floorf.c
		_floorf        		CODE           	1055	0000	240

C:\Program Files (x86)\Microchip\xc8\v2.00\pic\sources\c99\common\floorf.c estimated size: 240

C:\Program Files (x86)\Microchip\xc8\v2.00\pic\sources\c99\common\sprcmul.c
		___flmul       		CODE           	1323	0000	620

C:\Program Files (x86)\Microchip\xc8\v2.00\pic\sources\c99\common\sprcmul.c estimated size: 620

C:\Program Files (x86)\Microchip\xc8\v2.00\pic\sources\c99\common\sprcdiv.c
		___fldiv       		CODE           	1144	0000	480

C:\Program Files (x86)\Microchip\xc8\v2.00\pic\sources\c99\common\sprcdiv.c estimated size: 480

./flex_lcd.h
		_Lcd_Init      		CODE           	1E66	0000	177
		_Lcd_Out2      		CODE           	19B7	0000	80
		_Lcd_Chr_CP    		CODE           	1D1B	0000	158
		_Lcd_Cmd       		CODE           	1C82	0000	154

./flex_lcd.h estimated size: 569

C:\Program Files (x86)\Microchip\xc8\v2.00\pic\sources\c99\common\Umul8_16.c
		__Umul8_16     		CODE           	18C5	0000	39

C:\Program Files (x86)\Microchip\xc8\v2.00\pic\sources\c99\common\Umul8_16.c estimated size: 39

C:\Program Files (x86)\Microchip\xc8\v2.00\pic\sources\c99\common\xxtofl.c
		___xxtofl      		CODE           	082F	0000	181

C:\Program Files (x86)\Microchip\xc8\v2.00\pic\sources\c99\common\xxtofl.c estimated size: 181

C:\Program Files (x86)\Microchip\xc8\v2.00\pic\sources\c99\common\awmod.c
		___awmod       		CODE           	1A61	0000	94

C:\Program Files (x86)\Microchip\xc8\v2.00\pic\sources\c99\common\awmod.c estimated size: 94

C:\Program Files (x86)\Microchip\xc8\v2.00\pic\sources\c99\common\putch.c
		_putch         		CODE           	0006	0000	2

C:\Program Files (x86)\Microchip\xc8\v2.00\pic\sources\c99\common\putch.c estimated size: 2

C:\Program Files (x86)\Microchip\xc8\v2.00\pic\sources\c99\common\strlen.c
		_strlen        		CODE           	18EB	0000	43

C:\Program Files (x86)\Microchip\xc8\v2.00\pic\sources\c99\common\strlen.c estimated size: 43

C:\Program Files (x86)\Microchip\xc8\v2.00\pic\sources\c99\common\flge.c
		___flge        		CODE           	1DB8	0000	175

C:\Program Files (x86)\Microchip\xc8\v2.00\pic\sources\c99\common\flge.c estimated size: 175

C:\Program Files (x86)\Microchip\xc8\v2.00\pic\sources\c99\common\strcpy.c
		_strcpy        		CODE           	18A1	0000	37

C:\Program Files (x86)\Microchip\xc8\v2.00\pic\sources\c99\common\strcpy.c estimated size: 37

C:\Program Files (x86)\Microchip\xc8\v2.00\pic\sources\c99\common\nf_fputc.c
		_fputc         		CODE           	1A06	0000	92

C:\Program Files (x86)\Microchip\xc8\v2.00\pic\sources\c99\common\nf_fputc.c estimated size: 92

C:\Program Files (x86)\Microchip\xc8\v2.00\pic\sources\c99\common\nf_sprintf.c
		_sprintf       		CODE           	1948	0000	55

C:\Program Files (x86)\Microchip\xc8\v2.00\pic\sources\c99\common\nf_sprintf.c estimated size: 55

C:\Program Files (x86)\Microchip\xc8\v2.00\pic\sources\c99\common\isdigit.c
		_isdigit       		CODE           	1809	0000	26

C:\Program Files (x86)\Microchip\xc8\v2.00\pic\sources\c99\common\isdigit.c estimated size: 26

C:\Program Files (x86)\Microchip\xc8\v2.00\pic\sources\c99\common\sprcadd.c
		___flsub       		CODE           	183B	0000	34
		___fladd       		CODE           	158E	0000	627

C:\Program Files (x86)\Microchip\xc8\v2.00\pic\sources\c99\common\sprcadd.c estimated size: 661

C:\Program Files (x86)\Microchip\xc8\v2.00\pic\sources\c99\common\doprnt.c
		_vfpfcnvrt     		CODE           	0C16	0000	1003
		_efgtoa        		CODE           	0097	0000	1871
		_pad           		CODE           	1ABE	0000	94
		_vfprintf      		CODE           	197E	0000	58

C:\Program Files (x86)\Microchip\xc8\v2.00\pic\sources\c99\common\doprnt.c estimated size: 3026

C:\Program Files (x86)\Microchip\xc8\v2.00\pic\sources\c99\common\awdiv.c
		___awdiv       		CODE           	1B1B	0000	106

C:\Program Files (x86)\Microchip\xc8\v2.00\pic\sources\c99\common\awdiv.c estimated size: 106

shared
		__initialization		CODE           	07E5	0000	25

shared estimated size: 25

C:\Program Files (x86)\Microchip\xc8\v2.00\pic\sources\c99\common\fltol.c
		___fltol       		CODE           	1BEE	0000	149

C:\Program Files (x86)\Microchip\xc8\v2.00\pic\sources\c99\common\fltol.c estimated size: 149

C:\Program Files (x86)\Microchip\xc8\v2.00\pic\sources\c99\common\__fpclassifyf.c
		___fpclassifyf 		CODE           	0014	0000	132

C:\Program Files (x86)\Microchip\xc8\v2.00\pic\sources\c99\common\__fpclassifyf.c estimated size: 132

C:\Program Files (x86)\Microchip\xc8\v2.00\pic\sources\c99\common\atoi.c
		_atoi          		CODE           	1F16	0000	235

C:\Program Files (x86)\Microchip\xc8\v2.00\pic\sources\c99\common\atoi.c estimated size: 235

C:\Program Files (x86)\Microchip\xc8\v2.00\pic\sources\c99\common\fleq.c
		___fleq        		CODE           	1005	0000	81

C:\Program Files (x86)\Microchip\xc8\v2.00\pic\sources\c99\common\fleq.c estimated size: 81

C:\Program Files (x86)\Microchip\xc8\v2.00\pic\sources\c99\common\Umul16.c
		___wmul        		CODE           	185C	0000	35

C:\Program Files (x86)\Microchip\xc8\v2.00\pic\sources\c99\common\Umul16.c estimated size: 35

main.c
		_main          		CODE           	08E3	0000	820

main.c estimated size: 820

C:\Program Files (x86)\Microchip\xc8\v2.00\pic\sources\c99\common\nf_fputs.c
		_fputs         		CODE           	0804	0000	44

C:\Program Files (x86)\Microchip\xc8\v2.00\pic\sources\c99\common\nf_fputs.c estimated size: 44

C:\Program Files (x86)\Microchip\xc8\v2.00\pic\sources\c99\common\isupper.c
		_isupper       		CODE           	1822	0000	26

C:\Program Files (x86)\Microchip\xc8\v2.00\pic\sources\c99\common\isupper.c estimated size: 26

C:\Program Files (x86)\Microchip\xc8\v2.00\pic\sources\c99\common\flneg.c
		___flneg       		CODE           	0007	0000	14

C:\Program Files (x86)\Microchip\xc8\v2.00\pic\sources\c99\common\flneg.c estimated size: 14

